******************************************************************************
                  TI ARM Linker PC v20.2.5                     
******************************************************************************
>> Linked Tue May 25 03:55:49 2021

OUTPUT FILE NAME:   <proyecto_final.out>
ENTRY POINT SYMBOL: "_c_int00_noargs"  address: 00000a91


MEMORY CONFIGURATION

         name            origin    length      used     unused   attr    fill
----------------------  --------  ---------  --------  --------  ----  --------
  FLASH                 00000000   00040000  00000cfa  0003f306  R  X
  SRAM                  20000000   00008000  0000020a  00007df6  RW X


SEGMENT ALLOCATION MAP

run origin  load origin   length   init length attrs members
----------  ----------- ---------- ----------- ----- -------
00000000    00000000    00000cfc   00000cfc    r-x
  00000000    00000000    0000026c   0000026c    r-- .intvecs
  0000026c    0000026c    0000099e   0000099e    r-x .text
  00000c0c    00000c0c    000000dc   000000dc    r-- .const
  00000ce8    00000ce8    00000014   00000014    r-- .cinit
20000000    20000000    0000020a   00000000    rw-
  20000000    20000000    00000200   00000000    rw- .stack
  20000200    20000200    0000000a   00000000    rw- .bss


SECTION ALLOCATION MAP

 output                                  attributes/
section   page    origin      length       input sections
--------  ----  ----------  ----------   ----------------
.intvecs   0    00000000    0000026c     
                  00000000    0000026c     tm4c123gh6pm_startup_ccs.obj (.intvecs)

.text      0    0000026c    0000099e     
                  0000026c    0000032c     main.obj (.text)
                  00000598    00000132     driverlib.lib : gpio.obj (.text:GPIOPadConfigSet)
                  000006ca    00000002     --HOLE-- [fill = 0]
                  000006cc    00000110                   : sysctl.obj (.text:SysCtlClockGet)
                  000007dc    000000f4                   : sysctl.obj (.text:SysCtlClockSet)
                  000008d0    00000068                   : interrupt.obj (.text:IntEnable)
                  00000938    00000060                   : timer.obj (.text:TimerConfigure)
                  00000998    00000046                   : uart.obj (.text:UARTConfigSetExpClk)
                  000009de    00000002     --HOLE-- [fill = 0]
                  000009e0    00000044     rtsv7M4_T_le_v4SPD16_eabi.lib : autoinit.c.obj (.text:__TI_auto_init_nobinit_nopinit:__TI_auto_init_nobinit_nopinit)
                  00000a24    00000038     driverlib.lib : sysctl.obj (.text:SysCtlPeripheralReady)
                  00000a5c    00000034                   : sysctl.obj (.text:SysCtlPeripheralEnable)
                  00000a90    00000034     rtsv7M4_T_le_v4SPD16_eabi.lib : boot_cortex_m.c.obj (.text:_c_int00_noargs:_c_int00_noargs)
                  00000ac4    0000002a     driverlib.lib : gpio.obj (.text:GPIODirModeSet)
                  00000aee    00000002     --HOLE-- [fill = 0]
                  00000af0    00000020                   : uart.obj (.text:UARTDisable)
                  00000b10    0000001c     rtsv7M4_T_le_v4SPD16_eabi.lib : copy_zero_init.c.obj (.text:decompress:ZI:__TI_zero_init_nomemset:__TI_zero_init_nomemset)
                  00000b2c    00000018     driverlib.lib : gpio.obj (.text:GPIOPinTypeGPIOOutput)
                  00000b44    00000014                   : uart.obj (.text:UARTEnable)
                  00000b58    00000012                   : gpio.obj (.text:GPIOPinTypeGPIOInput)
                  00000b6a    00000012                   : gpio.obj (.text:GPIOPinTypeUART)
                  00000b7c    00000012                   : timer.obj (.text:TimerLoadSet)
                  00000b8e    00000010                   : interrupt.obj (.text:IntMasterEnable)
                  00000b9e    0000000e                   : timer.obj (.text:TimerEnable)
                  00000bac    0000000c                   : cpu.obj (.text:CPUcpsie)
                  00000bb8    0000000c     tm4c123gh6pm_startup_ccs.obj (.text)
                  00000bc4    0000000a     driverlib.lib : uart.obj (.text:UARTCharGet)
                  00000bce    0000000a                   : uart.obj (.text:UARTCharPut)
                  00000bd8    00000008                   : timer.obj (.text:TimerIntEnable)
                  00000be0    00000008                   : uart.obj (.text:UARTIntEnable)
                  00000be8    00000006                   : gpio.obj (.text:GPIOPinRead)
                  00000bee    00000006                   : gpio.obj (.text:GPIOPinWrite)
                  00000bf4    00000006                   : sysctl.obj (.text:SysCtlDelay)
                  00000bfa    00000004                   : timer.obj (.text:TimerIntClear)
                  00000bfe    00000004                   : uart.obj (.text:UARTIntClear)
                  00000c02    00000004     rtsv7M4_T_le_v4SPD16_eabi.lib : pre_init.c.obj (.text:_system_pre_init)
                  00000c06    00000004                                   : exit.c.obj (.text:abort:abort)

.const     0    00000c0c    000000dc     
                  00000c0c    00000070     driverlib.lib : interrupt.obj (.const)
                  00000c7c    0000006c                   : sysctl.obj (.const:g_pui32Xtals)

.cinit     0    00000ce8    00000014     
                  00000ce8    00000008     (.cinit..bss.load) [load image, compression = zero_init]
                  00000cf0    00000004     (__TI_handler_table)
                  00000cf4    00000008     (__TI_cinit_table)

.init_array 
*          0    00000000    00000000     UNINITIALIZED

.bss       0    20000200    0000000a     UNINITIALIZED
                  20000200    00000001     (.common:BLUE)
                  20000201    00000001     (.common:GREEN)
                  20000202    00000001     (.common:RED)
                  20000203    00000001     (.common:bandera)
                  20000204    00000001     (.common:cuatro)
                  20000205    00000001     (.common:letra)
                  20000206    00000001     (.common:parqueo_1)
                  20000207    00000001     (.common:parqueo_2)
                  20000208    00000001     (.common:parqueo_3)
                  20000209    00000001     (.common:parqueo_4)

.stack     0    20000000    00000200     UNINITIALIZED
                  20000000    00000004     rtsv7M4_T_le_v4SPD16_eabi.lib : boot_cortex_m.c.obj (.stack)
                  20000004    000001fc     --HOLE--

__llvm_prf_cnts 
*          0    20000000    00000000     UNINITIALIZED

MODULE SUMMARY

       Module                         code   ro data   rw data
       ------                         ----   -------   -------
    .\
       main.obj                       812    0         10     
       tm4c123gh6pm_startup_ccs.obj   12     620       0      
    +--+------------------------------+------+---------+---------+
       Total:                         824    620       10     
                                                              
    C:/ti/TivaWare_C_Series-2.1.4.178/driverlib/ccs/Debug/driverlib.lib
       sysctl.obj                     630    108       0      
       gpio.obj                       420    0         0      
       interrupt.obj                  120    112       0      
       uart.obj                       154    0         0      
       timer.obj                      140    0         0      
       cpu.obj                        12     0         0      
    +--+------------------------------+------+---------+---------+
       Total:                         1476   220       0      
                                                              
    C:\ti\ccs1031\ccs\tools\compiler\ti-cgt-arm_20.2.5.LTS\lib\rtsv7M4_T_le_v4SPD16_eabi.lib
       autoinit.c.obj                 68     0         0      
       boot_cortex_m.c.obj            52     0         0      
       copy_zero_init.c.obj           28     0         0      
       exit.c.obj                     4      0         0      
       pre_init.c.obj                 4      0         0      
    +--+------------------------------+------+---------+---------+
       Total:                         156    0         0      
                                                              
       Stack:                         0      0         512    
       Linker Generated:              0      20        0      
    +--+------------------------------+------+---------+---------+
       Grand Total:                   2456   860       522    


LINKER GENERATED COPY TABLES

__TI_cinit_table @ 00000cf4 records: 1, size/record: 8, table size: 8
	.bss: load addr=00000ce8, load size=00000008 bytes, run addr=20000200, run size=0000000a bytes, compression=zero_init


LINKER GENERATED HANDLER TABLE

__TI_handler_table @ 00000cf0 records: 1, size/record: 4, table size: 4
	index: 0, handler: __TI_zero_init


GLOBAL SYMBOLS: SORTED ALPHABETICALLY BY Name 

address   name                          
-------   ----                          
20000200  BLUE                          
00000c07  C$$EXIT                       
00000bad  CPUcpsie                      
00000ac5  GPIODirModeSet                
00000599  GPIOPadConfigSet              
00000be9  GPIOPinRead                   
00000b59  GPIOPinTypeGPIOInput          
00000b2d  GPIOPinTypeGPIOOutput         
00000b6b  GPIOPinTypeUART               
00000bef  GPIOPinWrite                  
20000201  GREEN                         
000003c7  InitUART                      
000008d1  IntEnable                     
00000b8f  IntMasterEnable               
20000202  RED                           
00000bb9  ResetISR                      
000006cd  SysCtlClockGet                
000007dd  SysCtlClockSet                
00000bf5  SysCtlDelay                   
00000a5d  SysCtlPeripheralEnable        
00000a25  SysCtlPeripheralReady         
0000037d  Timer0Config                  
00000445  Timer0IntHandler              
00000939  TimerConfigure                
00000b9f  TimerEnable                   
00000bfb  TimerIntClear                 
00000bd9  TimerIntEnable                
00000b7d  TimerLoadSet                  
00000bc5  UARTCharGet                   
00000bcf  UARTCharPut                   
00000999  UARTConfigSetExpClk           
00000af1  UARTDisable                   
00000b45  UARTEnable                    
00000bff  UARTIntClear                  
00000be1  UARTIntEnable                 
0000042f  UARTIntHandler                
20000200  __STACK_END                   
00000200  __STACK_SIZE                  
20000200  __STACK_TOP                   
00000cf4  __TI_CINIT_Base               
00000cfc  __TI_CINIT_Limit              
00000cf0  __TI_Handler_Table_Base       
00000cf4  __TI_Handler_Table_Limit      
000009e1  __TI_auto_init_nobinit_nopinit
ffffffff  __TI_pprof_out_hndl           
ffffffff  __TI_prof_data_size           
ffffffff  __TI_prof_data_start          
00000000  __TI_static_base__            
00000b11  __TI_zero_init_nomemset       
ffffffff  __binit__                     
ffffffff  __c_args__                    
UNDEFED   __mpu_init                    
20000000  __stack                       
20000000  __start___llvm_prf_cnts       
20000000  __stop___llvm_prf_cnts        
00000a91  _c_int00_noargs               
UNDEFED   _system_post_cinit            
00000c03  _system_pre_init              
00000c07  abort                         
20000203  bandera                       
ffffffff  binit                         
20000204  cuatro                        
00000000  g_pfnVectors                  
20000205  letra                         
0000026d  main                          
20000206  parqueo_1                     
20000207  parqueo_2                     
20000208  parqueo_3                     
20000209  parqueo_4                     


GLOBAL SYMBOLS: SORTED BY Symbol Address 

address   name                          
-------   ----                          
00000000  __TI_static_base__            
00000000  g_pfnVectors                  
00000200  __STACK_SIZE                  
0000026d  main                          
0000037d  Timer0Config                  
000003c7  InitUART                      
0000042f  UARTIntHandler                
00000445  Timer0IntHandler              
00000599  GPIOPadConfigSet              
000006cd  SysCtlClockGet                
000007dd  SysCtlClockSet                
000008d1  IntEnable                     
00000939  TimerConfigure                
00000999  UARTConfigSetExpClk           
000009e1  __TI_auto_init_nobinit_nopinit
00000a25  SysCtlPeripheralReady         
00000a5d  SysCtlPeripheralEnable        
00000a91  _c_int00_noargs               
00000ac5  GPIODirModeSet                
00000af1  UARTDisable                   
00000b11  __TI_zero_init_nomemset       
00000b2d  GPIOPinTypeGPIOOutput         
00000b45  UARTEnable                    
00000b59  GPIOPinTypeGPIOInput          
00000b6b  GPIOPinTypeUART               
00000b7d  TimerLoadSet                  
00000b8f  IntMasterEnable               
00000b9f  TimerEnable                   
00000bad  CPUcpsie                      
00000bb9  ResetISR                      
00000bc5  UARTCharGet                   
00000bcf  UARTCharPut                   
00000bd9  TimerIntEnable                
00000be1  UARTIntEnable                 
00000be9  GPIOPinRead                   
00000bef  GPIOPinWrite                  
00000bf5  SysCtlDelay                   
00000bfb  TimerIntClear                 
00000bff  UARTIntClear                  
00000c03  _system_pre_init              
00000c07  C$$EXIT                       
00000c07  abort                         
00000cf0  __TI_Handler_Table_Base       
00000cf4  __TI_CINIT_Base               
00000cf4  __TI_Handler_Table_Limit      
00000cfc  __TI_CINIT_Limit              
20000000  __stack                       
20000000  __start___llvm_prf_cnts       
20000000  __stop___llvm_prf_cnts        
20000200  BLUE                          
20000200  __STACK_END                   
20000200  __STACK_TOP                   
20000201  GREEN                         
20000202  RED                           
20000203  bandera                       
20000204  cuatro                        
20000205  letra                         
20000206  parqueo_1                     
20000207  parqueo_2                     
20000208  parqueo_3                     
20000209  parqueo_4                     
ffffffff  __TI_pprof_out_hndl           
ffffffff  __TI_prof_data_size           
ffffffff  __TI_prof_data_start          
ffffffff  __binit__                     
ffffffff  __c_args__                    
ffffffff  binit                         
UNDEFED   __mpu_init                    
UNDEFED   _system_post_cinit            

[69 symbols]
