******************************************************************************
                  TI ARM Linker PC v20.2.5                     
******************************************************************************
>> Linked Thu May 27 23:03:40 2021

OUTPUT FILE NAME:   <proyecto_final.out>
ENTRY POINT SYMBOL: "_c_int00_noargs"  address: 00000c09


MEMORY CONFIGURATION

         name            origin    length      used     unused   attr    fill
----------------------  --------  ---------  --------  --------  ----  --------
  FLASH                 00000000   00040000  00000e72  0003f18e  R  X
  SRAM                  20000000   00008000  0000020f  00007df1  RW X


SEGMENT ALLOCATION MAP

run origin  load origin   length   init length attrs members
----------  ----------- ---------- ----------- ----- -------
00000000    00000000    00000e74   00000e74    r-x
  00000000    00000000    0000026c   0000026c    r-- .intvecs
  0000026c    0000026c    00000b16   00000b16    r-x .text
  00000d84    00000d84    000000dc   000000dc    r-- .const
  00000e60    00000e60    00000014   00000014    r-- .cinit
20000000    20000000    0000020f   00000000    rw-
  20000000    20000000    00000200   00000000    rw- .stack
  20000200    20000200    0000000f   00000000    rw- .bss


SECTION ALLOCATION MAP

 output                                  attributes/
section   page    origin      length       input sections
--------  ----  ----------  ----------   ----------------
.intvecs   0    00000000    0000026c     
                  00000000    0000026c     tm4c123gh6pm_startup_ccs.obj (.intvecs)

.text      0    0000026c    00000b16     
                  0000026c    000004a4     main.obj (.text)
                  00000710    00000132     driverlib.lib : gpio.obj (.text:GPIOPadConfigSet)
                  00000842    00000002     --HOLE-- [fill = 0]
                  00000844    00000110                   : sysctl.obj (.text:SysCtlClockGet)
                  00000954    000000f4                   : sysctl.obj (.text:SysCtlClockSet)
                  00000a48    00000068                   : interrupt.obj (.text:IntEnable)
                  00000ab0    00000060                   : timer.obj (.text:TimerConfigure)
                  00000b10    00000046                   : uart.obj (.text:UARTConfigSetExpClk)
                  00000b56    00000002     --HOLE-- [fill = 0]
                  00000b58    00000044     rtsv7M4_T_le_v4SPD16_eabi.lib : autoinit.c.obj (.text:__TI_auto_init_nobinit_nopinit:__TI_auto_init_nobinit_nopinit)
                  00000b9c    00000038     driverlib.lib : sysctl.obj (.text:SysCtlPeripheralReady)
                  00000bd4    00000034                   : sysctl.obj (.text:SysCtlPeripheralEnable)
                  00000c08    00000034     rtsv7M4_T_le_v4SPD16_eabi.lib : boot_cortex_m.c.obj (.text:_c_int00_noargs:_c_int00_noargs)
                  00000c3c    0000002a     driverlib.lib : gpio.obj (.text:GPIODirModeSet)
                  00000c66    00000002     --HOLE-- [fill = 0]
                  00000c68    00000020                   : uart.obj (.text:UARTDisable)
                  00000c88    0000001c     rtsv7M4_T_le_v4SPD16_eabi.lib : copy_zero_init.c.obj (.text:decompress:ZI:__TI_zero_init_nomemset:__TI_zero_init_nomemset)
                  00000ca4    00000018     driverlib.lib : gpio.obj (.text:GPIOPinTypeGPIOOutput)
                  00000cbc    00000014                   : uart.obj (.text:UARTEnable)
                  00000cd0    00000012                   : gpio.obj (.text:GPIOPinTypeGPIOInput)
                  00000ce2    00000012                   : gpio.obj (.text:GPIOPinTypeUART)
                  00000cf4    00000012                   : timer.obj (.text:TimerLoadSet)
                  00000d06    00000010                   : interrupt.obj (.text:IntMasterEnable)
                  00000d16    0000000e                   : timer.obj (.text:TimerEnable)
                  00000d24    0000000c                   : cpu.obj (.text:CPUcpsie)
                  00000d30    0000000c     tm4c123gh6pm_startup_ccs.obj (.text)
                  00000d3c    0000000a     driverlib.lib : uart.obj (.text:UARTCharGet)
                  00000d46    0000000a                   : uart.obj (.text:UARTCharPut)
                  00000d50    00000008                   : timer.obj (.text:TimerIntEnable)
                  00000d58    00000008                   : uart.obj (.text:UARTIntEnable)
                  00000d60    00000006                   : gpio.obj (.text:GPIOPinRead)
                  00000d66    00000006                   : gpio.obj (.text:GPIOPinWrite)
                  00000d6c    00000006                   : sysctl.obj (.text:SysCtlDelay)
                  00000d72    00000004                   : timer.obj (.text:TimerIntClear)
                  00000d76    00000004                   : uart.obj (.text:UARTIntClear)
                  00000d7a    00000004     rtsv7M4_T_le_v4SPD16_eabi.lib : pre_init.c.obj (.text:_system_pre_init)
                  00000d7e    00000004                                   : exit.c.obj (.text:abort:abort)

.const     0    00000d84    000000dc     
                  00000d84    00000070     driverlib.lib : interrupt.obj (.const)
                  00000df4    0000006c                   : sysctl.obj (.const:g_pui32Xtals)

.cinit     0    00000e60    00000014     
                  00000e60    00000008     (.cinit..bss.load) [load image, compression = zero_init]
                  00000e68    00000004     (__TI_handler_table)
                  00000e6c    00000008     (__TI_cinit_table)

.init_array 
*          0    00000000    00000000     UNINITIALIZED

.bss       0    20000200    0000000f     UNINITIALIZED
                  20000200    00000001     (.common:BLUE)
                  20000201    00000001     (.common:GREEN)
                  20000202    00000001     (.common:RED)
                  20000203    00000001     (.common:bandera)
                  20000204    00000001     (.common:cont_p1)
                  20000205    00000001     (.common:cont_p2)
                  20000206    00000001     (.common:cont_p3)
                  20000207    00000001     (.common:cont_p4)
                  20000208    00000001     (.common:cont_total)
                  20000209    00000001     (.common:cuatro)
                  2000020a    00000001     (.common:letra)
                  2000020b    00000001     (.common:parqueo_1)
                  2000020c    00000001     (.common:parqueo_2)
                  2000020d    00000001     (.common:parqueo_3)
                  2000020e    00000001     (.common:parqueo_4)

.stack     0    20000000    00000200     UNINITIALIZED
                  20000000    00000004     rtsv7M4_T_le_v4SPD16_eabi.lib : boot_cortex_m.c.obj (.stack)
                  20000004    000001fc     --HOLE--

__llvm_prf_cnts 
*          0    20000000    00000000     UNINITIALIZED

MODULE SUMMARY

       Module                         code   ro data   rw data
       ------                         ----   -------   -------
    .\
       main.obj                       1188   0         15     
       tm4c123gh6pm_startup_ccs.obj   12     620       0      
    +--+------------------------------+------+---------+---------+
       Total:                         1200   620       15     
                                                              
    C:/ti/TivaWare_C_Series-2.1.4.178/driverlib/ccs/Debug/driverlib.lib
       sysctl.obj                     630    108       0      
       gpio.obj                       420    0         0      
       interrupt.obj                  120    112       0      
       uart.obj                       154    0         0      
       timer.obj                      140    0         0      
       cpu.obj                        12     0         0      
    +--+------------------------------+------+---------+---------+
       Total:                         1476   220       0      
                                                              
    C:\ti\ccs1031\ccs\tools\compiler\ti-cgt-arm_20.2.5.LTS\lib\rtsv7M4_T_le_v4SPD16_eabi.lib
       autoinit.c.obj                 68     0         0      
       boot_cortex_m.c.obj            52     0         0      
       copy_zero_init.c.obj           28     0         0      
       exit.c.obj                     4      0         0      
       pre_init.c.obj                 4      0         0      
    +--+------------------------------+------+---------+---------+
       Total:                         156    0         0      
                                                              
       Stack:                         0      0         512    
       Linker Generated:              0      20        0      
    +--+------------------------------+------+---------+---------+
       Grand Total:                   2832   860       527    


LINKER GENERATED COPY TABLES

__TI_cinit_table @ 00000e6c records: 1, size/record: 8, table size: 8
	.bss: load addr=00000e60, load size=00000008 bytes, run addr=20000200, run size=0000000f bytes, compression=zero_init


LINKER GENERATED HANDLER TABLE

__TI_handler_table @ 00000e68 records: 1, size/record: 4, table size: 4
	index: 0, handler: __TI_zero_init


GLOBAL SYMBOLS: SORTED ALPHABETICALLY BY Name 

address   name                          
-------   ----                          
20000200  BLUE                          
00000d7f  C$$EXIT                       
00000d25  CPUcpsie                      
00000c3d  GPIODirModeSet                
00000711  GPIOPadConfigSet              
00000d61  GPIOPinRead                   
00000cd1  GPIOPinTypeGPIOInput          
00000ca5  GPIOPinTypeGPIOOutput         
00000ce3  GPIOPinTypeUART               
00000d67  GPIOPinWrite                  
20000201  GREEN                         
0000050d  InitUART                      
00000a49  IntEnable                     
00000d07  IntMasterEnable               
20000202  RED                           
00000d31  ResetISR                      
00000845  SysCtlClockGet                
00000955  SysCtlClockSet                
00000d6d  SysCtlDelay                   
00000bd5  SysCtlPeripheralEnable        
00000b9d  SysCtlPeripheralReady         
000004c3  Timer0Config                  
000005c5  Timer0IntHandler              
00000ab1  TimerConfigure                
00000d17  TimerEnable                   
00000d73  TimerIntClear                 
00000d51  TimerIntEnable                
00000cf5  TimerLoadSet                  
00000d3d  UARTCharGet                   
00000d47  UARTCharPut                   
00000b11  UARTConfigSetExpClk           
00000c69  UARTDisable                   
00000cbd  UARTEnable                    
00000d77  UARTIntClear                  
00000d59  UARTIntEnable                 
00000575  UARTIntHandler                
20000200  __STACK_END                   
00000200  __STACK_SIZE                  
20000200  __STACK_TOP                   
00000e6c  __TI_CINIT_Base               
00000e74  __TI_CINIT_Limit              
00000e68  __TI_Handler_Table_Base       
00000e6c  __TI_Handler_Table_Limit      
00000b59  __TI_auto_init_nobinit_nopinit
ffffffff  __TI_pprof_out_hndl           
ffffffff  __TI_prof_data_size           
ffffffff  __TI_prof_data_start          
00000000  __TI_static_base__            
00000c89  __TI_zero_init_nomemset       
ffffffff  __binit__                     
ffffffff  __c_args__                    
UNDEFED   __mpu_init                    
20000000  __stack                       
20000000  __start___llvm_prf_cnts       
20000000  __stop___llvm_prf_cnts        
00000c09  _c_int00_noargs               
UNDEFED   _system_post_cinit            
00000d7b  _system_pre_init              
00000d7f  abort                         
20000203  bandera                       
ffffffff  binit                         
20000204  cont_p1                       
20000205  cont_p2                       
20000206  cont_p3                       
20000207  cont_p4                       
20000208  cont_total                    
20000209  cuatro                        
00000000  g_pfnVectors                  
2000020a  letra                         
0000026d  main                          
2000020b  parqueo_1                     
2000020c  parqueo_2                     
2000020d  parqueo_3                     
2000020e  parqueo_4                     


GLOBAL SYMBOLS: SORTED BY Symbol Address 

address   name                          
-------   ----                          
00000000  __TI_static_base__            
00000000  g_pfnVectors                  
00000200  __STACK_SIZE                  
0000026d  main                          
000004c3  Timer0Config                  
0000050d  InitUART                      
00000575  UARTIntHandler                
000005c5  Timer0IntHandler              
00000711  GPIOPadConfigSet              
00000845  SysCtlClockGet                
00000955  SysCtlClockSet                
00000a49  IntEnable                     
00000ab1  TimerConfigure                
00000b11  UARTConfigSetExpClk           
00000b59  __TI_auto_init_nobinit_nopinit
00000b9d  SysCtlPeripheralReady         
00000bd5  SysCtlPeripheralEnable        
00000c09  _c_int00_noargs               
00000c3d  GPIODirModeSet                
00000c69  UARTDisable                   
00000c89  __TI_zero_init_nomemset       
00000ca5  GPIOPinTypeGPIOOutput         
00000cbd  UARTEnable                    
00000cd1  GPIOPinTypeGPIOInput          
00000ce3  GPIOPinTypeUART               
00000cf5  TimerLoadSet                  
00000d07  IntMasterEnable               
00000d17  TimerEnable                   
00000d25  CPUcpsie                      
00000d31  ResetISR                      
00000d3d  UARTCharGet                   
00000d47  UARTCharPut                   
00000d51  TimerIntEnable                
00000d59  UARTIntEnable                 
00000d61  GPIOPinRead                   
00000d67  GPIOPinWrite                  
00000d6d  SysCtlDelay                   
00000d73  TimerIntClear                 
00000d77  UARTIntClear                  
00000d7b  _system_pre_init              
00000d7f  C$$EXIT                       
00000d7f  abort                         
00000e68  __TI_Handler_Table_Base       
00000e6c  __TI_CINIT_Base               
00000e6c  __TI_Handler_Table_Limit      
00000e74  __TI_CINIT_Limit              
20000000  __stack                       
20000000  __start___llvm_prf_cnts       
20000000  __stop___llvm_prf_cnts        
20000200  BLUE                          
20000200  __STACK_END                   
20000200  __STACK_TOP                   
20000201  GREEN                         
20000202  RED                           
20000203  bandera                       
20000204  cont_p1                       
20000205  cont_p2                       
20000206  cont_p3                       
20000207  cont_p4                       
20000208  cont_total                    
20000209  cuatro                        
2000020a  letra                         
2000020b  parqueo_1                     
2000020c  parqueo_2                     
2000020d  parqueo_3                     
2000020e  parqueo_4                     
ffffffff  __TI_pprof_out_hndl           
ffffffff  __TI_prof_data_size           
ffffffff  __TI_prof_data_start          
ffffffff  __binit__                     
ffffffff  __c_args__                    
ffffffff  binit                         
UNDEFED   __mpu_init                    
UNDEFED   _system_post_cinit            

[74 symbols]
