******************************************************************************
                  TI ARM Linker PC v20.2.5                     
******************************************************************************
>> Linked Fri May  7 23:16:20 2021

OUTPUT FILE NAME:   <hola hundo.out>
ENTRY POINT SYMBOL: "_c_int00_noinit_noargs"  address: 000006b5


MEMORY CONFIGURATION

         name            origin    length      used     unused   attr    fill
----------------------  --------  ---------  --------  --------  ----  --------
  FLASH                 00000000   00040000  0000075a  0003f8a6  R  X
  SRAM                  20000000   00008000  00000200  00007e00  RW X


SEGMENT ALLOCATION MAP

run origin  load origin   length   init length attrs members
----------  ----------- ---------- ----------- ----- -------
00000000    00000000    0000075a   0000075a    r-x
  00000000    00000000    0000026c   0000026c    r-- .intvecs
  0000026c    0000026c    000004ee   000004ee    r-x .text
20000000    20000000    00000200   00000000    rw-
  20000000    20000000    00000200   00000000    rw- .stack


SECTION ALLOCATION MAP

 output                                  attributes/
section   page    origin      length       input sections
--------  ----  ----------  ----------   ----------------
.intvecs   0    00000000    0000026c     
                  00000000    0000026c     tm4c123gh6pm_startup_ccs.obj (.intvecs)

.text      0    0000026c    000004ee     
                  0000026c    000001b4     main.obj (.text)
                  00000420    00000132     driverlib.lib : gpio.obj (.text:GPIOPadConfigSet)
                  00000552    00000002     --HOLE-- [fill = 0]
                  00000554    000000f4                   : sysctl.obj (.text:SysCtlClockSet)
                  00000648    00000038                   : sysctl.obj (.text:SysCtlPeripheralReady)
                  00000680    00000034                   : sysctl.obj (.text:SysCtlPeripheralEnable)
                  000006b4    0000002c     rtsv7M4_T_le_v4SPD16_eabi.lib : boot_cortex_m.c.obj (.text:_c_int00_noinit_noargs:_c_int00_noinit_noargs)
                  000006e0    0000002a     driverlib.lib : gpio.obj (.text:GPIODirModeSet)
                  0000070a    00000018                   : gpio.obj (.text:GPIOPinTypeGPIOOutput)
                  00000722    00000012                   : gpio.obj (.text:GPIOPinTypeGPIOInput)
                  00000734    0000000c     tm4c123gh6pm_startup_ccs.obj (.text)
                  00000740    00000006     driverlib.lib : gpio.obj (.text:GPIOPinRead)
                  00000746    00000006                   : gpio.obj (.text:GPIOPinWrite)
                  0000074c    00000006                   : sysctl.obj (.text:SysCtlDelay)
                  00000752    00000004     rtsv7M4_T_le_v4SPD16_eabi.lib : pre_init.c.obj (.text:_system_pre_init)
                  00000756    00000004                                   : exit.c.obj (.text:abort:abort)

.cinit     0    00000000    00000000     UNINITIALIZED

.init_array 
*          0    00000000    00000000     UNINITIALIZED

.stack     0    20000000    00000200     UNINITIALIZED
                  20000000    00000004     rtsv7M4_T_le_v4SPD16_eabi.lib : boot_cortex_m.c.obj (.stack)
                  20000004    000001fc     --HOLE--

__llvm_prf_cnts 
*          0    20000000    00000000     UNINITIALIZED

MODULE SUMMARY

       Module                         code   ro data   rw data
       ------                         ----   -------   -------
    .\
       tm4c123gh6pm_startup_ccs.obj   12     620       0      
       main.obj                       436    0         0      
    +--+------------------------------+------+---------+---------+
       Total:                         448    620       0      
                                                              
    C:/ti/TivaWare_C_Series-2.1.4.178/driverlib/ccs/Debug/driverlib.lib
       gpio.obj                       402    0         0      
       sysctl.obj                     358    0         0      
    +--+------------------------------+------+---------+---------+
       Total:                         760    0         0      
                                                              
    C:\ti\ccs1031\ccs\tools\compiler\ti-cgt-arm_20.2.5.LTS\lib\rtsv7M4_T_le_v4SPD16_eabi.lib
       boot_cortex_m.c.obj            44     0         0      
       exit.c.obj                     4      0         0      
       pre_init.c.obj                 4      0         0      
    +--+------------------------------+------+---------+---------+
       Total:                         52     0         0      
                                                              
       Stack:                         0      0         512    
    +--+------------------------------+------+---------+---------+
       Grand Total:                   1260   620       512    


GLOBAL SYMBOLS: SORTED ALPHABETICALLY BY Name 

address   name                   
-------   ----                   
00000757  C$$EXIT                
000006e1  GPIODirModeSet         
00000421  GPIOPadConfigSet       
00000741  GPIOPinRead            
00000723  GPIOPinTypeGPIOInput   
0000070b  GPIOPinTypeGPIOOutput  
00000747  GPIOPinWrite           
00000735  ResetISR               
00000555  SysCtlClockSet         
0000074d  SysCtlDelay            
00000681  SysCtlPeripheralEnable 
00000649  SysCtlPeripheralReady  
20000200  __STACK_END            
00000200  __STACK_SIZE           
20000200  __STACK_TOP            
ffffffff  __TI_pprof_out_hndl    
ffffffff  __TI_prof_data_size    
ffffffff  __TI_prof_data_start   
00000000  __TI_static_base__     
ffffffff  __binit__              
ffffffff  __c_args__             
UNDEFED   __mpu_init             
20000000  __stack                
20000000  __start___llvm_prf_cnts
20000000  __stop___llvm_prf_cnts 
000006b5  _c_int00_noinit_noargs 
00000753  _system_pre_init       
00000757  abort                  
ffffffff  binit                  
00000000  g_pfnVectors           
0000026d  main                   


GLOBAL SYMBOLS: SORTED BY Symbol Address 

address   name                   
-------   ----                   
00000000  __TI_static_base__     
00000000  g_pfnVectors           
00000200  __STACK_SIZE           
0000026d  main                   
00000421  GPIOPadConfigSet       
00000555  SysCtlClockSet         
00000649  SysCtlPeripheralReady  
00000681  SysCtlPeripheralEnable 
000006b5  _c_int00_noinit_noargs 
000006e1  GPIODirModeSet         
0000070b  GPIOPinTypeGPIOOutput  
00000723  GPIOPinTypeGPIOInput   
00000735  ResetISR               
00000741  GPIOPinRead            
00000747  GPIOPinWrite           
0000074d  SysCtlDelay            
00000753  _system_pre_init       
00000757  C$$EXIT                
00000757  abort                  
20000000  __stack                
20000000  __start___llvm_prf_cnts
20000000  __stop___llvm_prf_cnts 
20000200  __STACK_END            
20000200  __STACK_TOP            
ffffffff  __TI_pprof_out_hndl    
ffffffff  __TI_prof_data_size    
ffffffff  __TI_prof_data_start   
ffffffff  __binit__              
ffffffff  __c_args__             
ffffffff  binit                  
UNDEFED   __mpu_init             

[31 symbols]
