******************************************************************************
                  TI ARM Linker PC v20.2.5                     
******************************************************************************
>> Linked Wed May 12 21:44:56 2021

OUTPUT FILE NAME:   <laboratorio_t1.out>
ENTRY POINT SYMBOL: "_c_int00_noargs"  address: 0000093d


MEMORY CONFIGURATION

         name            origin    length      used     unused   attr    fill
----------------------  --------  ---------  --------  --------  ----  --------
  FLASH                 00000000   00040000  00000b8e  0003f472  R  X
  SRAM                  20000000   00008000  00000205  00007dfb  RW X


SEGMENT ALLOCATION MAP

run origin  load origin   length   init length attrs members
----------  ----------- ---------- ----------- ----- -------
00000000    00000000    00000b94   00000b94    r-x
  00000000    00000000    0000026c   0000026c    r-- .intvecs
  0000026c    0000026c    00000832   00000832    r-x .text
  00000aa0    00000aa0    000000dc   000000dc    r-- .const
  00000b80    00000b80    00000014   00000014    r-- .cinit
20000000    20000000    00000205   00000000    rw-
  20000000    20000000    00000200   00000000    rw- .stack
  20000200    20000200    00000005   00000000    rw- .bss


SECTION ALLOCATION MAP

 output                                  attributes/
section   page    origin      length       input sections
--------  ----  ----------  ----------   ----------------
.intvecs   0    00000000    0000026c     
                  00000000    0000026c     tm4c123gh6pm_startup_ccs.obj (.intvecs)

.text      0    0000026c    00000832     
                  0000026c    000001d8     main.obj (.text)
                  00000444    00000132     driverlib.lib : gpio.obj (.text:GPIOPadConfigSet)
                  00000576    00000002     --HOLE-- [fill = 0]
                  00000578    00000110                   : sysctl.obj (.text:SysCtlClockGet)
                  00000688    000000f4                   : sysctl.obj (.text:SysCtlClockSet)
                  0000077c    00000068                   : interrupt.obj (.text:IntEnable)
                  000007e4    00000060                   : timer.obj (.text:TimerConfigure)
                  00000844    00000046                   : uart.obj (.text:UARTConfigSetExpClk)
                  0000088a    00000002     --HOLE-- [fill = 0]
                  0000088c    00000044     rtsv7M4_T_le_v4SPD16_eabi.lib : autoinit.c.obj (.text:__TI_auto_init_nobinit_nopinit:__TI_auto_init_nobinit_nopinit)
                  000008d0    00000038     driverlib.lib : sysctl.obj (.text:SysCtlPeripheralReady)
                  00000908    00000034                   : sysctl.obj (.text:SysCtlPeripheralEnable)
                  0000093c    00000034     rtsv7M4_T_le_v4SPD16_eabi.lib : boot_cortex_m.c.obj (.text:_c_int00_noargs:_c_int00_noargs)
                  00000970    0000002a     driverlib.lib : gpio.obj (.text:GPIODirModeSet)
                  0000099a    00000002     --HOLE-- [fill = 0]
                  0000099c    00000020                   : uart.obj (.text:UARTDisable)
                  000009bc    0000001c     rtsv7M4_T_le_v4SPD16_eabi.lib : copy_zero_init.c.obj (.text:decompress:ZI:__TI_zero_init_nomemset:__TI_zero_init_nomemset)
                  000009d8    00000018     driverlib.lib : gpio.obj (.text:GPIOPinTypeGPIOOutput)
                  000009f0    00000014                   : uart.obj (.text:UARTEnable)
                  00000a04    00000012                   : gpio.obj (.text:GPIOPinTypeUART)
                  00000a16    00000012                   : timer.obj (.text:TimerLoadSet)
                  00000a28    00000010                   : interrupt.obj (.text:IntMasterEnable)
                  00000a38    0000000e                   : timer.obj (.text:TimerEnable)
                  00000a46    0000000c                   : cpu.obj (.text:CPUcpsie)
                  00000a52    0000000c     tm4c123gh6pm_startup_ccs.obj (.text)
                  00000a5e    0000000a     driverlib.lib : uart.obj (.text:UARTCharGet)
                  00000a68    0000000a                   : uart.obj (.text:UARTCharPut)
                  00000a72    00000008                   : timer.obj (.text:TimerIntEnable)
                  00000a7a    00000008                   : uart.obj (.text:UARTIntEnable)
                  00000a82    00000006                   : gpio.obj (.text:GPIOPinWrite)
                  00000a88    00000006                   : sysctl.obj (.text:SysCtlDelay)
                  00000a8e    00000004                   : timer.obj (.text:TimerIntClear)
                  00000a92    00000004                   : uart.obj (.text:UARTIntClear)
                  00000a96    00000004     rtsv7M4_T_le_v4SPD16_eabi.lib : pre_init.c.obj (.text:_system_pre_init)
                  00000a9a    00000004                                   : exit.c.obj (.text:abort:abort)

.const     0    00000aa0    000000dc     
                  00000aa0    00000070     driverlib.lib : interrupt.obj (.const)
                  00000b10    0000006c                   : sysctl.obj (.const:g_pui32Xtals)

.cinit     0    00000b80    00000014     
                  00000b80    00000008     (.cinit..bss.load) [load image, compression = zero_init]
                  00000b88    00000004     (__TI_handler_table)
                  00000b8c    00000008     (__TI_cinit_table)

.init_array 
*          0    00000000    00000000     UNINITIALIZED

.bss       0    20000200    00000005     UNINITIALIZED
                  20000200    00000001     (.common:BLUE)
                  20000201    00000001     (.common:GREEN)
                  20000202    00000001     (.common:RED)
                  20000203    00000001     (.common:bandera)
                  20000204    00000001     (.common:letra)

.stack     0    20000000    00000200     UNINITIALIZED
                  20000000    00000004     rtsv7M4_T_le_v4SPD16_eabi.lib : boot_cortex_m.c.obj (.stack)
                  20000004    000001fc     --HOLE--

__llvm_prf_cnts 
*          0    20000000    00000000     UNINITIALIZED

MODULE SUMMARY

       Module                         code   ro data   rw data
       ------                         ----   -------   -------
    .\
       tm4c123gh6pm_startup_ccs.obj   12     620       0      
       main.obj                       472    0         5      
    +--+------------------------------+------+---------+---------+
       Total:                         484    620       5      
                                                              
    C:/ti/TivaWare_C_Series-2.1.4.178/driverlib/ccs/Debug/driverlib.lib
       sysctl.obj                     630    108       0      
       gpio.obj                       396    0         0      
       interrupt.obj                  120    112       0      
       uart.obj                       154    0         0      
       timer.obj                      140    0         0      
       cpu.obj                        12     0         0      
    +--+------------------------------+------+---------+---------+
       Total:                         1452   220       0      
                                                              
    C:\ti\ccs1031\ccs\tools\compiler\ti-cgt-arm_20.2.5.LTS\lib\rtsv7M4_T_le_v4SPD16_eabi.lib
       autoinit.c.obj                 68     0         0      
       boot_cortex_m.c.obj            52     0         0      
       copy_zero_init.c.obj           28     0         0      
       exit.c.obj                     4      0         0      
       pre_init.c.obj                 4      0         0      
    +--+------------------------------+------+---------+---------+
       Total:                         156    0         0      
                                                              
       Stack:                         0      0         512    
       Linker Generated:              0      20        0      
    +--+------------------------------+------+---------+---------+
       Grand Total:                   2092   860       517    


LINKER GENERATED COPY TABLES

__TI_cinit_table @ 00000b8c records: 1, size/record: 8, table size: 8
	.bss: load addr=00000b80, load size=00000008 bytes, run addr=20000200, run size=00000005 bytes, compression=zero_init


LINKER GENERATED HANDLER TABLE

__TI_handler_table @ 00000b88 records: 1, size/record: 4, table size: 4
	index: 0, handler: __TI_zero_init


GLOBAL SYMBOLS: SORTED ALPHABETICALLY BY Name 

address   name                          
-------   ----                          
20000200  BLUE                          
00000a9b  C$$EXIT                       
00000a47  CPUcpsie                      
00000971  GPIODirModeSet                
00000445  GPIOPadConfigSet              
000009d9  GPIOPinTypeGPIOOutput         
00000a05  GPIOPinTypeUART               
00000a83  GPIOPinWrite                  
20000201  GREEN                         
000002d7  InitUART                      
0000077d  IntEnable                     
00000a29  IntMasterEnable               
20000202  RED                           
00000a53  ResetISR                      
00000579  SysCtlClockGet                
00000689  SysCtlClockSet                
00000a89  SysCtlDelay                   
00000909  SysCtlPeripheralEnable        
000008d1  SysCtlPeripheralReady         
0000028d  Timer0Config                  
0000038f  Timer0IntHandler              
000007e5  TimerConfigure                
00000a39  TimerEnable                   
00000a8f  TimerIntClear                 
00000a73  TimerIntEnable                
00000a17  TimerLoadSet                  
00000a5f  UARTCharGet                   
00000a69  UARTCharPut                   
00000845  UARTConfigSetExpClk           
0000099d  UARTDisable                   
000009f1  UARTEnable                    
00000a93  UARTIntClear                  
00000a7b  UARTIntEnable                 
0000033f  UARTIntHandler                
20000200  __STACK_END                   
00000200  __STACK_SIZE                  
20000200  __STACK_TOP                   
00000b8c  __TI_CINIT_Base               
00000b94  __TI_CINIT_Limit              
00000b88  __TI_Handler_Table_Base       
00000b8c  __TI_Handler_Table_Limit      
0000088d  __TI_auto_init_nobinit_nopinit
ffffffff  __TI_pprof_out_hndl           
ffffffff  __TI_prof_data_size           
ffffffff  __TI_prof_data_start          
00000000  __TI_static_base__            
000009bd  __TI_zero_init_nomemset       
ffffffff  __binit__                     
ffffffff  __c_args__                    
UNDEFED   __mpu_init                    
20000000  __stack                       
20000000  __start___llvm_prf_cnts       
20000000  __stop___llvm_prf_cnts        
0000093d  _c_int00_noargs               
UNDEFED   _system_post_cinit            
00000a97  _system_pre_init              
00000a9b  abort                         
20000203  bandera                       
ffffffff  binit                         
00000000  g_pfnVectors                  
20000204  letra                         
0000026d  main                          


GLOBAL SYMBOLS: SORTED BY Symbol Address 

address   name                          
-------   ----                          
00000000  __TI_static_base__            
00000000  g_pfnVectors                  
00000200  __STACK_SIZE                  
0000026d  main                          
0000028d  Timer0Config                  
000002d7  InitUART                      
0000033f  UARTIntHandler                
0000038f  Timer0IntHandler              
00000445  GPIOPadConfigSet              
00000579  SysCtlClockGet                
00000689  SysCtlClockSet                
0000077d  IntEnable                     
000007e5  TimerConfigure                
00000845  UARTConfigSetExpClk           
0000088d  __TI_auto_init_nobinit_nopinit
000008d1  SysCtlPeripheralReady         
00000909  SysCtlPeripheralEnable        
0000093d  _c_int00_noargs               
00000971  GPIODirModeSet                
0000099d  UARTDisable                   
000009bd  __TI_zero_init_nomemset       
000009d9  GPIOPinTypeGPIOOutput         
000009f1  UARTEnable                    
00000a05  GPIOPinTypeUART               
00000a17  TimerLoadSet                  
00000a29  IntMasterEnable               
00000a39  TimerEnable                   
00000a47  CPUcpsie                      
00000a53  ResetISR                      
00000a5f  UARTCharGet                   
00000a69  UARTCharPut                   
00000a73  TimerIntEnable                
00000a7b  UARTIntEnable                 
00000a83  GPIOPinWrite                  
00000a89  SysCtlDelay                   
00000a8f  TimerIntClear                 
00000a93  UARTIntClear                  
00000a97  _system_pre_init              
00000a9b  C$$EXIT                       
00000a9b  abort                         
00000b88  __TI_Handler_Table_Base       
00000b8c  __TI_CINIT_Base               
00000b8c  __TI_Handler_Table_Limit      
00000b94  __TI_CINIT_Limit              
20000000  __stack                       
20000000  __start___llvm_prf_cnts       
20000000  __stop___llvm_prf_cnts        
20000200  BLUE                          
20000200  __STACK_END                   
20000200  __STACK_TOP                   
20000201  GREEN                         
20000202  RED                           
20000203  bandera                       
20000204  letra                         
ffffffff  __TI_pprof_out_hndl           
ffffffff  __TI_prof_data_size           
ffffffff  __TI_prof_data_start          
ffffffff  __binit__                     
ffffffff  __c_args__                    
ffffffff  binit                         
UNDEFED   __mpu_init                    
UNDEFED   _system_post_cinit            

[62 symbols]
