Microchip MPLAB XC8 Compiler V2.31

Linker command line:

-W-3 --edf=C:\Program Files\Microchip\xc8\v2.31\pic\dat\en_msgs.txt -cn \
  -h+dist/default/production\proyec.X.production.sym \
  --cmf=dist/default/production\proyec.X.production.cmf -z -Q16F887 \
  -oC:\Users\diegu\AppData\Local\Temp\sf8g.3 --defsym=__MPLAB_BUILD=1 \
  -Mdist/default/production/proyec.X.production.map -E1 -ver=XC8 Compiler \
  --acfsm=1493 -ASTACK=0110h-016Fh -pstack=STACK -ACODE=00h-07FFhx4 \
  -ASTRCODE=00h-01FFFh -ASTRING=00h-0FFhx32 -ACONST=00h-0FFhx32 \
  -AENTRY=00h-0FFhx32 -ACOMMON=070h-07Fh -ABANK0=020h-06Fh \
  -ABANK1=0A0h-0EFh -ABANK2=0110h-016Fh -ABANK3=0190h-01EFh \
  -ARAM=020h-06Fh,0A0h-0EFh,0110h-016Fh,0190h-01EFh \
  -AABS1=020h-07Fh,0A0h-0EFh,0110h-016Fh,0190h-01EFh -ASFR0=00h-01Fh \
  -ASFR1=080h-09Fh -ASFR2=0100h-010Fh -ASFR3=0180h-018Fh \
  -ACONFIG=02007h-02008h -DCONFIG=2 -AIDLOC=02000h-02003h -DIDLOC=2 \
  -AEEDATA=00h-0FFh/02100h -peeprom_data=EEDATA -DEEDATA=2 -DCODE=2 \
  -DSTRCODE=2 -DSTRING=2 -DCONST=2 -DENTRY=2 \
  -preset_vec=00h,intentry=04h,init,end_init -ppowerup=CODE -pcinit=CODE \
  -pfunctab=ENTRY -k C:\Users\diegu\AppData\Local\Temp\sf8g.o \
  dist/default/production\proyec.X.production.o 

Object code version is 3.11

Machine type is 16F887



                Name                               Link     Load   Length Selector   Space Scale
C:\Users\diegu\AppData\Local\Temp\sf8g.o
                end_init                              E        E        3        8       0
                reset_vec                             0        0        3        0       0
                config                             2007     2007        2        0       4
dist/default/production\proyec.X.production.o
                cinit                                11       11       11        8       0
                intentry                              4        4        A        8       0
                config                             2007     2007        2        0       4
                text21                              3C0      3C0       45        8       0
                text20                              57E      57E        6      8EA       0
                text19                              4F5      4F5       1C      8EA       0
                text18                              4BC      4BC       1D      8EA       0
                text17                              4D9      4D9       1C      8EA       0
                text16                              475      475       29      8EA       0
                text15                              511      511       17      8EA       0
                text14                              37A      37A       46        8       0
                text13                              405      405       3C        8       0
                text12                              528      528       12      8EA       0
                text11                               22       22      165        8       0
                text10                              232      232       A0        8       0
                text9                               578      578        6      8EA       0
                text8                               572      572        6      8EA       0
                text7                               53A      53A       11      8EA       0
                text6                               54B      54B        F      8EA       0
                text5                               2D2      2D2       57        8       0
                text4                               49E      49E       1E      8EA       0
                text3                               329      329       51        8       0
                text2                               56B      56B        7      8EA       0
                text1                               55A      55A        9      8EA       0
                maintext                            187      187       AB        8       0
                cstackBANK0                          20       20       20       20       1
                cstackCOMMON                         70       70        6       70       1
                clrtext                             563      563        8      8EA       0
                bssBANK0                             40       40       15       20       1
                bssCOMMON                            76       76        4       70       1
                strings                             441      441       34      882       0

TOTAL           Name                               Link     Load   Length     Space
        CLASS   STACK          

        CLASS   CODE           
                end_init                              E        E        3         0
                cinit                                11       11       11         0
                intentry                              4        4        A         0
                reset_vec                             0        0        3         0
                text21                              3C0      3C0       45         0
                text20                              57E      57E        6         0
                text19                              4F5      4F5       1C         0
                text18                              4BC      4BC       1D         0
                text17                              4D9      4D9       1C         0
                text16                              475      475       29         0
                text15                              511      511       17         0
                text14                              37A      37A       46         0
                text13                              405      405       3C         0
                text12                              528      528       12         0
                text11                               22       22      165         0
                text10                              232      232       A0         0
                text9                               578      578        6         0
                text8                               572      572        6         0
                text7                               53A      53A       11         0
                text6                               54B      54B        F         0
                text5                               2D2      2D2       57         0
                text4                               49E      49E       1E         0
                text3                               329      329       51         0
                text2                               56B      56B        7         0
                text1                               55A      55A        9         0
                maintext                            187      187       AB         0
                clrtext                             563      563        8         0

        CLASS   STRCODE        

        CLASS   STRING         
                strings                             441      441       34         0

        CLASS   CONST          

        CLASS   ENTRY          

        CLASS   COMMON         
                cstackCOMMON                         70       70        6         1
                bssCOMMON                            76       76        4         1

        CLASS   BANK0          
                cstackBANK0                          20       20       20         1
                bssBANK0                             40       40       15         1

        CLASS   BANK1          

        CLASS   BANK2          

        CLASS   BANK3          

        CLASS   RAM            

        CLASS   ABS1           
                abs_s1                               7E       7E        2         1

        CLASS   SFR0           

        CLASS   SFR1           

        CLASS   SFR2           

        CLASS   SFR3           

        CLASS   CONFIG         
                config                             2007     2007        2         4

        CLASS   IDLOC          

        CLASS   EEDATA         



SEGMENTS        Name                           Load    Length   Top    Selector   Space  Class     Delta

                reset_vec                      000000  000003  000003         0       0  CODE        2
                intentry                       000004  00043D  000441         8       0  CODE        2
                cstackBANK0                    000020  000035  000055        20       1  BANK0       1
                cstackCOMMON                   000070  00000A  00007A        70       1  COMMON      1
                strings                        000441  000034  000475       882       0  STRING      2
                text16                         000475  00010F  000584       8EA       0  CODE        2


UNUSED ADDRESS RANGES

        Name                Unused          Largest block    Delta
        BANK0            0055-006F             1B           1
        BANK1            00A0-00EF             50           1
        BANK2            0110-016F             60           1
        BANK3            0190-01EF             60           1
        CODE             0003-0003              1           2
                         0584-1FFF            800
        COMMON           007A-007D              4           1
        CONST            0003-0003              1           2
                         0584-1FFF            100
        EEDATA           2100-21FF            100           2
        ENTRY            0003-0003              1           2
                         0584-1FFF            100
        IDLOC            2000-2003              4           2
        RAM              0055-006F             1B           1
                         00A0-00EF             50
                         0110-016F             60
                         0190-01EF             60
        SFR0             0000-001F             20           1
        SFR1             0080-009F             20           1
        SFR2             0100-010F             10           1
        SFR3             0180-018F             10           1
        STACK            0110-016F             60           1
        STRCODE          0003-0003              1           2
                         0584-1FFF           1A7C
        STRING           0003-0003              1           2
                         0584-1FFF            100

                                  Symbol Table

?___lwdiv                      cstackBANK0  0020
?___lwmod                      cstackBANK0  0027
?_sprintf                      cstackBANK0  002C
_ANSEL                         (abs)        0188
_ANSELH                        (abs)        0189
_INTCONbits                    (abs)        000B
_IOCB                          (abs)        0096
_OPTION_REGbits                (abs)        0081
_OSCCON                        (abs)        008F
_PIE1bits                      (abs)        008C
_PIR1bits                      (abs)        000C
_PORTA                         (abs)        0005
_PORTAbits                     (abs)        0005
_PORTB                         (abs)        0006
_PORTC                         (abs)        0007
_PORTD                         (abs)        0008
_PORTE                         (abs)        0009
_PORTEbits                     (abs)        0009
_RCREG                         (abs)        001A
_RCSTAbits                     (abs)        0018
_SPBRG                         (abs)        0099
_SPBRGH                        (abs)        009A
_SSPBUF                        (abs)        0013
_SSPCON                        (abs)        0014
_SSPSTAT                       (abs)        0094
_SSPSTATbits                   (abs)        0094
_TMR0                          (abs)        0001
_TRISA                         (abs)        0085
_TRISB                         (abs)        0086
_TRISC                         (abs)        0087
_TRISC3                        (abs)        043B
_TRISC5                        (abs)        043D
_TRISD                         (abs)        0088
_TRISE                         (abs)        0089
_TXREG                         (abs)        0019
_TXSTAbits                     (abs)        0098
__Habs1                        abs1         0000
__Hbank0                       bank0        0000
__Hbank1                       bank1        0000
__Hbank2                       bank2        0000
__Hbank3                       bank3        0000
__HbssBANK0                    bssBANK0     0000
__HbssCOMMON                   bssCOMMON    0000
__Hcinit                       cinit        0022
__Hclrtext                     clrtext      0000
__Hcode                        code         0000
__Hcommon                      common       0000
__Hconfig                      config       2009
__HcstackBANK0                 cstackBANK0  0000
__HcstackCOMMON                cstackCOMMON 0000
__Heeprom_data                 eeprom_data  0000
__Hend_init                    end_init     0011
__Hfunctab                     functab      0000
__Hinit                        init         000E
__Hintentry                    intentry     000E
__Hmaintext                    maintext     0000
__Hpowerup                     powerup      0000
__Hram                         ram          0000
__Hreset_vec                   reset_vec    0003
__Hsfr0                        sfr0         0000
__Hsfr1                        sfr1         0000
__Hsfr2                        sfr2         0000
__Hsfr3                        sfr3         0000
__Hspace_0                     (abs)        0584
__Hspace_1                     (abs)        007A
__Hspace_2                     (abs)        0000
__Hspace_3                     (abs)        0000
__Hspace_4                     (abs)        4010
__Hstack                       stack        0000
__Hstrings                     strings      0000
__Htext                        text         0000
__Labs1                        abs1         0000
__Lbank0                       bank0        0000
__Lbank1                       bank1        0000
__Lbank2                       bank2        0000
__Lbank3                       bank3        0000
__LbssBANK0                    bssBANK0     0000
__LbssCOMMON                   bssCOMMON    0000
__Lcinit                       cinit        0011
__Lclrtext                     clrtext      0000
__Lcode                        code         0000
__Lcommon                      common       0000
__Lconfig                      config       0000
__LcstackBANK0                 cstackBANK0  0000
__LcstackCOMMON                cstackCOMMON 0000
__Leeprom_data                 eeprom_data  0000
__Lend_init                    end_init     000E
__Lfunctab                     functab      0000
__Linit                        init         000E
__Lintentry                    intentry     0004
__Lmaintext                    maintext     0000
__Lpowerup                     powerup      0000
__Lram                         ram          0000
__Lreset_vec                   reset_vec    0000
__Lsfr0                        sfr0         0000
__Lsfr1                        sfr1         0000
__Lsfr2                        sfr2         0000
__Lsfr3                        sfr3         0000
__Lspace_0                     (abs)        0000
__Lspace_1                     (abs)        0000
__Lspace_2                     (abs)        0000
__Lspace_3                     (abs)        0000
__Lspace_4                     (abs)        0000
__Lstack                       stack        0000
__Lstrings                     strings      0000
__Ltext                        text         0000
__S0                           (abs)        0584
__S1                           (abs)        007A
__S2                           (abs)        0000
__S3                           (abs)        0000
___bmul                        text15       0511
___bmul@multiplicand           cstackCOMMON 0074
___bmul@multiplier             cstackBANK0  0021
___bmul@product                cstackBANK0  0020
___int_sp                      stack        0000
___latbits                     (abs)        0002
___lwdiv                       text14       037A
___lwdiv@counter               cstackBANK0  0024
___lwdiv@dividend              cstackBANK0  0022
___lwdiv@divisor               cstackBANK0  0020
___lwdiv@quotient              cstackBANK0  0025
___lwmod                       text13       0405
___lwmod@counter               cstackBANK0  002B
___lwmod@dividend              cstackBANK0  0029
___lwmod@divisor               cstackBANK0  0027
___sp                          stack        0000
___stackhi                     (abs)        0000
___stacklo                     (abs)        0000
__end_of___bmul                text15       0528
__end_of___lwdiv               text14       03C0
__end_of___lwmod               text13       0441
__end_of__initialization       cinit        001E
__end_of__stringtab            strings      0447
__end_of_display               text10       02D2
__end_of_dpowers               strings      0451
__end_of_eusart_enable_rx_isr  text9        057E
__end_of_eusart_enable_tx_isr  text8        0578
__end_of_eusart_init_rx        text7        054B
__end_of_eusart_init_tx        text6        055A
__end_of_isdigit               text12       053A
__end_of_isr                   text21       0405
__end_of_lcd_cmd               text19       0511
__end_of_lcd_init              text5        0329
__end_of_lcd_move_cursor       text18       04D9
__end_of_lcd_port              text20       0584
__end_of_lcd_write_char        text17       04F5
__end_of_lcd_write_string      text16       049E
__end_of_main                  maintext     0232
__end_of_setup                 text3        037A
__end_of_spiInit               text4        04BC
__end_of_spiRead               text1        0563
__end_of_spiReceiveWait        text2        0572
__end_of_sprintf               text11       0187
__initialization               cinit        0011
__pbssBANK0                    bssBANK0     0040
__pbssCOMMON                   bssCOMMON    0076
__pcstackBANK0                 cstackBANK0  0020
__pcstackCOMMON                cstackCOMMON 0070
__pintentry                    intentry     0004
__pmaintext                    maintext     0187
__pstrings                     strings      0441
__ptext1                       text1        055A
__ptext10                      text10       0232
__ptext11                      text11       0022
__ptext12                      text12       0528
__ptext13                      text13       0405
__ptext14                      text14       037A
__ptext15                      text15       0511
__ptext16                      text16       0475
__ptext17                      text17       04D9
__ptext18                      text18       04BC
__ptext19                      text19       04F5
__ptext2                       text2        056B
__ptext20                      text20       057E
__ptext21                      text21       03C0
__ptext3                       text3        0329
__ptext4                       text4        049E
__ptext5                       text5        02D2
__ptext6                       text6        054B
__ptext7                       text7        053A
__ptext8                       text8        0572
__ptext9                       text9        0578
__size_of___bmul               (abs)        0000
__size_of___lwdiv              (abs)        0000
__size_of___lwmod              (abs)        0000
__size_of_display              (abs)        0000
__size_of_eusart_enable_rx_isr (abs)        0000
__size_of_eusart_enable_tx_isr (abs)        0000
__size_of_eusart_init_rx       (abs)        0000
__size_of_eusart_init_tx       (abs)        0000
__size_of_isdigit              (abs)        0000
__size_of_isr                  (abs)        0000
__size_of_lcd_cmd              (abs)        0000
__size_of_lcd_init             (abs)        0000
__size_of_lcd_move_cursor      (abs)        0000
__size_of_lcd_port             (abs)        0000
__size_of_lcd_write_char       (abs)        0000
__size_of_lcd_write_string     (abs)        0000
__size_of_main                 (abs)        0000
__size_of_setup                (abs)        0000
__size_of_spiInit              (abs)        0000
__size_of_spiRead              (abs)        0000
__size_of_spiReceiveWait       (abs)        0000
__size_of_sprintf              (abs)        0000
__stringbase                   strings      0446
__stringtab                    strings      0441
_adc_data1                     bssCOMMON    0079
_adc_data2                     bssCOMMON    0078
_cont                          bssBANK0     0049
_display                       text10       0232
_dpowers                       strings      0447
_eusart_enable_rx_isr          text9        0578
_eusart_enable_tx_isr          text8        0572
_eusart_flag                   bssCOMMON    0076
_eusart_init_rx                text7        053A
_eusart_init_tx                text6        054B
_isdigit                       text12       0528
_isdigit$1071                  cstackCOMMON 0074
_isr                           text21       03C0
_lcd_cmd                       text19       04F5
_lcd_init                      text5        02D2
_lcd_move_cursor               text18       04BC
_lcd_port                      text20       057E
_lcd_write_char                text17       04D9
_lcd_write_string              text16       0475
_main                          maintext     0187
_setup                         text3        0329
_spiInit                       text4        049E
_spiRead                       text1        055A
_spiReceiveWait                text2        056B
_sprintf                       text11       0022
_str_pos                       bssCOMMON    0077
_str_pot_a                     bssBANK0     004A
_str_pot_b                     bssBANK0     0050
_uart_data                     bssBANK0     0048
btemp                          (abs)        007E
clear_ram0                     clrtext      0563
display@str                    cstackBANK0  003A
end_of_initialization          cinit        001E
interrupt_function             intentry     0004
intlevel0                      functab      0000
intlevel1                      functab      0000
intlevel2                      functab      0000
intlevel3                      functab      0000
intlevel4                      functab      0000
intlevel5                      functab      0000
isdigit@c                      cstackCOMMON 0075
lcd_cmd@cmd                    cstackCOMMON 0075
lcd_move_cursor@col            cstackBANK0  0022
lcd_move_cursor@row            cstackBANK0  0023
lcd_port@a                     cstackCOMMON 0074
lcd_write_char@data            cstackCOMMON 0075
lcd_write_string@a             cstackBANK0  0022
lcd_write_string@i             cstackBANK0  0023
reset_vec                      reset_vec    0000
saved_w                        (abs)        007E
spiInit@sClockIdle             cstackBANK0  0021
spiInit@sDataSample            cstackBANK0  0020
spiInit@sTransmitEdge          cstackBANK0  0022
spiInit@sType                  cstackCOMMON 0074
sprintf@ap                     cstackBANK0  0032
sprintf@c                      cstackBANK0  0038
sprintf@f                      cstackBANK0  002C
sprintf@flag                   cstackBANK0  0033
sprintf@prec                   cstackBANK0  0037
sprintf@sp                     cstackBANK0  0036
sprintf@val                    cstackBANK0  0034
start                          init         000E
start_initialization           cinit        0011
wtemp0                         (abs)        007E


FUNCTION INFORMATION:

 *************** function _main *****************
 Defined at:
		line 86 in file "proyecto.c"
 Parameters:    Size  Location     Type
		None
 Auto vars:     Size  Location     Type
		None
 Return value:  Size  Location     Type
                  1    wreg      void 
 Registers used:
		wreg, fsr0l, fsr0h, status,2, status,0, btemp+1, pclath, cstack
 Tracked objects:
		On entry : 
		On exit  : 
		Unchanged: 
 Data sizes:     COMMON   BANK0   BANK1   BANK3   BANK2
      Params:         0       0       0       0       0
      Locals:         0       0       0       0       0
      Temps:          0       3       0       0       0
      Totals:         0       3       0       0       0
Total ram usage:        3 bytes
 Hardware stack levels required when called:    5
 This function calls:
		_display
		_setup
		_spiRead
		_sprintf
 This function is called by:
		Startup code after reset
 This function uses a non-reentrant model


 *************** function _spiRead *****************
 Defined at:
		line 38 in file "SPI.c"
 Parameters:    Size  Location     Type
		None
 Auto vars:     Size  Location     Type
		None
 Return value:  Size  Location     Type
                  1    wreg      unsigned char 
 Registers used:
		wreg, status,2, status,0, pclath, cstack
 Tracked objects:
		On entry : 
		On exit  : 
		Unchanged: 
 Data sizes:     COMMON   BANK0   BANK1   BANK3   BANK2
      Params:         0       0       0       0       0
      Locals:         0       0       0       0       0
      Temps:          0       0       0       0       0
      Totals:         0       0       0       0       0
Total ram usage:        0 bytes
 Hardware stack levels used:    1
 Hardware stack levels required when called:    2
 This function calls:
		_spiReceiveWait
 This function is called by:
		_main
 This function uses a non-reentrant model


 *************** function _spiReceiveWait *****************
 Defined at:
		line 20 in file "SPI.c"
 Parameters:    Size  Location     Type
		None
 Auto vars:     Size  Location     Type
		None
 Return value:  Size  Location     Type
                  1    wreg      void 
 Registers used:
		None
 Tracked objects:
		On entry : 
		On exit  : 
		Unchanged: 
 Data sizes:     COMMON   BANK0   BANK1   BANK3   BANK2
      Params:         0       0       0       0       0
      Locals:         0       0       0       0       0
      Temps:          0       0       0       0       0
      Totals:         0       0       0       0       0
Total ram usage:        0 bytes
 Hardware stack levels used:    1
 Hardware stack levels required when called:    1
 This function calls:
		Nothing
 This function is called by:
		_spiRead
 This function uses a non-reentrant model


 *************** function _setup *****************
 Defined at:
		line 182 in file "proyecto.c"
 Parameters:    Size  Location     Type
		None
 Auto vars:     Size  Location     Type
		None
 Return value:  Size  Location     Type
                  1    wreg      void 
 Registers used:
		wreg, status,2, status,0, pclath, cstack
 Tracked objects:
		On entry : 
		On exit  : 
		Unchanged: 
 Data sizes:     COMMON   BANK0   BANK1   BANK3   BANK2
      Params:         0       0       0       0       0
      Locals:         0       0       0       0       0
      Temps:          0       0       0       0       0
      Totals:         0       0       0       0       0
Total ram usage:        0 bytes
 Hardware stack levels used:    1
 Hardware stack levels required when called:    4
 This function calls:
		_eusart_enable_rx_isr
		_eusart_enable_tx_isr
		_eusart_init_rx
		_eusart_init_tx
		_lcd_cmd
		_lcd_init
		_spiInit
 This function is called by:
		_main
 This function uses a non-reentrant model


 *************** function _spiInit *****************
 Defined at:
		line 3 in file "SPI.c"
 Parameters:    Size  Location     Type
  sType           1    wreg     enum E1264
  sDataSample     1    0[BANK0 ] enum E1272
  sClockIdle      1    1[BANK0 ] enum E1276
  sTransmitEdg    1    2[BANK0 ] enum E1280
 Auto vars:     Size  Location     Type
  sType           1    4[COMMON] enum E1264
 Return value:  Size  Location     Type
                  1    wreg      void 
 Registers used:
		wreg, status,2, status,0
 Tracked objects:
		On entry : 
		On exit  : 
		Unchanged: 
 Data sizes:     COMMON   BANK0   BANK1   BANK3   BANK2
      Params:         0       3       0       0       0
      Locals:         1       0       0       0       0
      Temps:          0       0       0       0       0
      Totals:         1       3       0       0       0
Total ram usage:        4 bytes
 Hardware stack levels used:    1
 Hardware stack levels required when called:    1
 This function calls:
		Nothing
 This function is called by:
		_setup
 This function uses a non-reentrant model


 *************** function _lcd_init *****************
 Defined at:
		line 4 in file "lcd.c"
 Parameters:    Size  Location     Type
		None
 Auto vars:     Size  Location     Type
		None
 Return value:  Size  Location     Type
                  1    wreg      void 
 Registers used:
		wreg, status,2, status,0, pclath, cstack
 Tracked objects:
		On entry : 
		On exit  : 
		Unchanged: 
 Data sizes:     COMMON   BANK0   BANK1   BANK3   BANK2
      Params:         0       0       0       0       0
      Locals:         0       0       0       0       0
      Temps:          0       2       0       0       0
      Totals:         0       2       0       0       0
Total ram usage:        2 bytes
 Hardware stack levels used:    1
 Hardware stack levels required when called:    3
 This function calls:
		_lcd_cmd
		_lcd_port
 This function is called by:
		_setup
 This function uses a non-reentrant model


 *************** function _eusart_init_tx *****************
 Defined at:
		line 3 in file "eusart.c"
 Parameters:    Size  Location     Type
		None
 Auto vars:     Size  Location     Type
		None
 Return value:  Size  Location     Type
                  1    wreg      void 
 Registers used:
		wreg, status,2
 Tracked objects:
		On entry : 
		On exit  : 
		Unchanged: 
 Data sizes:     COMMON   BANK0   BANK1   BANK3   BANK2
      Params:         0       0       0       0       0
      Locals:         0       0       0       0       0
      Temps:          0       0       0       0       0
      Totals:         0       0       0       0       0
Total ram usage:        0 bytes
 Hardware stack levels used:    1
 Hardware stack levels required when called:    1
 This function calls:
		Nothing
 This function is called by:
		_setup
 This function uses a non-reentrant model


 *************** function _eusart_init_rx *****************
 Defined at:
		line 28 in file "eusart.c"
 Parameters:    Size  Location     Type
		None
 Auto vars:     Size  Location     Type
		None
 Return value:  Size  Location     Type
                  1    wreg      void 
 Registers used:
		wreg, status,2
 Tracked objects:
		On entry : 
		On exit  : 
		Unchanged: 
 Data sizes:     COMMON   BANK0   BANK1   BANK3   BANK2
      Params:         0       0       0       0       0
      Locals:         0       0       0       0       0
      Temps:          0       0       0       0       0
      Totals:         0       0       0       0       0
Total ram usage:        0 bytes
 Hardware stack levels used:    1
 Hardware stack levels required when called:    1
 This function calls:
		Nothing
 This function is called by:
		_setup
 This function uses a non-reentrant model


 *************** function _eusart_enable_tx_isr *****************
 Defined at:
		line 16 in file "eusart.c"
 Parameters:    Size  Location     Type
		None
 Auto vars:     Size  Location     Type
		None
 Return value:  Size  Location     Type
                  1    wreg      void 
 Registers used:
		None
 Tracked objects:
		On entry : 
		On exit  : 
		Unchanged: 
 Data sizes:     COMMON   BANK0   BANK1   BANK3   BANK2
      Params:         0       0       0       0       0
      Locals:         0       0       0       0       0
      Temps:          0       0       0       0       0
      Totals:         0       0       0       0       0
Total ram usage:        0 bytes
 Hardware stack levels used:    1
 Hardware stack levels required when called:    1
 This function calls:
		Nothing
 This function is called by:
		_setup
 This function uses a non-reentrant model


 *************** function _eusart_enable_rx_isr *****************
 Defined at:
		line 41 in file "eusart.c"
 Parameters:    Size  Location     Type
		None
 Auto vars:     Size  Location     Type
		None
 Return value:  Size  Location     Type
                  1    wreg      void 
 Registers used:
		None
 Tracked objects:
		On entry : 
		On exit  : 
		Unchanged: 
 Data sizes:     COMMON   BANK0   BANK1   BANK3   BANK2
      Params:         0       0       0       0       0
      Locals:         0       0       0       0       0
      Temps:          0       0       0       0       0
      Totals:         0       0       0       0       0
Total ram usage:        0 bytes
 Hardware stack levels used:    1
 Hardware stack levels required when called:    1
 This function calls:
		Nothing
 This function is called by:
		_setup
 This function uses a non-reentrant model


 *************** function _display *****************
 Defined at:
		line 149 in file "proyecto.c"
 Parameters:    Size  Location     Type
		None
 Auto vars:     Size  Location     Type
  str             3   26[BANK0 ] PTR unsigned char [3]
		 -> ?_sprintf(2), 
 Return value:  Size  Location     Type
                  1    wreg      void 
 Registers used:
		wreg, fsr0l, fsr0h, status,2, status,0, btemp+1, pclath, cstack
 Tracked objects:
		On entry : 
		On exit  : 
		Unchanged: 
 Data sizes:     COMMON   BANK0   BANK1   BANK3   BANK2
      Params:         0       0       0       0       0
      Locals:         0       3       0       0       0
      Temps:          0       1       0       0       0
      Totals:         0       4       0       0       0
Total ram usage:        4 bytes
 Hardware stack levels used:    1
 Hardware stack levels required when called:    4
 This function calls:
		_lcd_move_cursor
		_lcd_write_char
		_lcd_write_string
		_sprintf
 This function is called by:
		_main
 This function uses a non-reentrant model


 *************** function _sprintf *****************
 Defined at:
		line 505 in file "C:\Program Files\Microchip\xc8\v2.31\pic\sources\c90\common\doprnt.c"
 Parameters:    Size  Location     Type
  sp              1    wreg     PTR unsigned char 
		 -> display@str(3), str_pot_b(5), str_pot_a(6), 
  f               1   12[BANK0 ] PTR const unsigned char 
		 -> STR_4(5), STR_2(7), STR_1(7), 
 Auto vars:     Size  Location     Type
  sp              1   22[BANK0 ] PTR unsigned char 
		 -> display@str(3), str_pot_b(5), str_pot_a(6), 
  tmpval          4    0        struct .
  val             2   20[BANK0 ] unsigned int 
  cp              2    0        PTR const unsigned char 
  len             2    0        unsigned int 
  c               1   24[BANK0 ] unsigned char 
  prec            1   23[BANK0 ] char 
  flag            1   19[BANK0 ] unsigned char 
  ap              1   18[BANK0 ] PTR void [1]
		 -> ?_sprintf(2), 
 Return value:  Size  Location     Type
                  2   12[BANK0 ] int 
 Registers used:
		wreg, fsr0l, fsr0h, status,2, status,0, btemp+1, pclath, cstack
 Tracked objects:
		On entry : 
		On exit  : 
		Unchanged: 
 Data sizes:     COMMON   BANK0   BANK1   BANK3   BANK2
      Params:         0       3       0       0       0
      Locals:         0       7       0       0       0
      Temps:          0       3       0       0       0
      Totals:         0      13       0       0       0
Total ram usage:       13 bytes
 Hardware stack levels used:    1
 Hardware stack levels required when called:    2
 This function calls:
		___bmul
		___lwdiv
		___lwmod
		_isdigit
 This function is called by:
		_main
		_display
 This function uses a non-reentrant model


 *************** function _isdigit *****************
 Defined at:
		line 8 in file "C:\Program Files\Microchip\xc8\v2.31\pic\sources\c90\common\isdigit.c"
 Parameters:    Size  Location     Type
  c               1    wreg     unsigned char 
 Auto vars:     Size  Location     Type
  c               1    5[COMMON] unsigned char 
 Return value:  Size  Location     Type
		None               void
 Registers used:
		wreg, status,2, status,0
 Tracked objects:
		On entry : 
		On exit  : 
		Unchanged: 
 Data sizes:     COMMON   BANK0   BANK1   BANK3   BANK2
      Params:         0       0       0       0       0
      Locals:         2       0       0       0       0
      Temps:          0       0       0       0       0
      Totals:         2       0       0       0       0
Total ram usage:        2 bytes
 Hardware stack levels used:    1
 Hardware stack levels required when called:    1
 This function calls:
		Nothing
 This function is called by:
		_sprintf
 This function uses a non-reentrant model


 *************** function ___lwmod *****************
 Defined at:
		line 5 in file "C:\Program Files\Microchip\xc8\v2.31\pic\sources\c90\common\lwmod.c"
 Parameters:    Size  Location     Type
  divisor         2    7[BANK0 ] unsigned int 
  dividend        2    9[BANK0 ] unsigned int 
 Auto vars:     Size  Location     Type
  counter         1   11[BANK0 ] unsigned char 
 Return value:  Size  Location     Type
                  2    7[BANK0 ] unsigned int 
 Registers used:
		wreg, status,2, status,0
 Tracked objects:
		On entry : 
		On exit  : 
		Unchanged: 
 Data sizes:     COMMON   BANK0   BANK1   BANK3   BANK2
      Params:         0       4       0       0       0
      Locals:         0       1       0       0       0
      Temps:          1       0       0       0       0
      Totals:         1       5       0       0       0
Total ram usage:        6 bytes
 Hardware stack levels used:    1
 Hardware stack levels required when called:    1
 This function calls:
		Nothing
 This function is called by:
		_sprintf
 This function uses a non-reentrant model


 *************** function ___lwdiv *****************
 Defined at:
		line 5 in file "C:\Program Files\Microchip\xc8\v2.31\pic\sources\c90\common\lwdiv.c"
 Parameters:    Size  Location     Type
  divisor         2    0[BANK0 ] unsigned int 
  dividend        2    2[BANK0 ] unsigned int 
 Auto vars:     Size  Location     Type
  quotient        2    5[BANK0 ] unsigned int 
  counter         1    4[BANK0 ] unsigned char 
 Return value:  Size  Location     Type
                  2    0[BANK0 ] unsigned int 
 Registers used:
		wreg, status,2, status,0
 Tracked objects:
		On entry : 
		On exit  : 
		Unchanged: 
 Data sizes:     COMMON   BANK0   BANK1   BANK3   BANK2
      Params:         0       4       0       0       0
      Locals:         0       3       0       0       0
      Temps:          1       0       0       0       0
      Totals:         1       7       0       0       0
Total ram usage:        8 bytes
 Hardware stack levels used:    1
 Hardware stack levels required when called:    1
 This function calls:
		Nothing
 This function is called by:
		_sprintf
 This function uses a non-reentrant model


 *************** function ___bmul *****************
 Defined at:
		line 4 in file "C:\Program Files\Microchip\xc8\v2.31\pic\sources\c90\common\Umul8.c"
 Parameters:    Size  Location     Type
  multiplier      1    wreg     unsigned char 
  multiplicand    1    4[COMMON] unsigned char 
 Auto vars:     Size  Location     Type
  multiplier      1    1[BANK0 ] unsigned char 
  product         1    0[BANK0 ] unsigned char 
 Return value:  Size  Location     Type
                  1    wreg      unsigned char 
 Registers used:
		wreg, status,2, status,0
 Tracked objects:
		On entry : 
		On exit  : 
		Unchanged: 
 Data sizes:     COMMON   BANK0   BANK1   BANK3   BANK2
      Params:         1       0       0       0       0
      Locals:         0       2       0       0       0
      Temps:          1       0       0       0       0
      Totals:         2       2       0       0       0
Total ram usage:        4 bytes
 Hardware stack levels used:    1
 Hardware stack levels required when called:    1
 This function calls:
		Nothing
 This function is called by:
		_sprintf
 This function uses a non-reentrant model


 *************** function _lcd_write_string *****************
 Defined at:
		line 111 in file "lcd.c"
 Parameters:    Size  Location     Type
  a               1    wreg     PTR unsigned char 
		 -> STR_3(17), 
 Auto vars:     Size  Location     Type
  a               1    2[BANK0 ] PTR unsigned char 
		 -> STR_3(17), 
  i               2    3[BANK0 ] int 
 Return value:  Size  Location     Type
                  1    wreg      void 
 Registers used:
		wreg, fsr0l, fsr0h, status,2, status,0, pclath, cstack
 Tracked objects:
		On entry : 
		On exit  : 
		Unchanged: 
 Data sizes:     COMMON   BANK0   BANK1   BANK3   BANK2
      Params:         0       0       0       0       0
      Locals:         0       3       0       0       0
      Temps:          0       0       0       0       0
      Totals:         0       3       0       0       0
Total ram usage:        3 bytes
 Hardware stack levels used:    1
 Hardware stack levels required when called:    3
 This function calls:
		_lcd_write_char
 This function is called by:
		_display
 This function uses a non-reentrant model


 *************** function _lcd_write_char *****************
 Defined at:
		line 101 in file "lcd.c"
 Parameters:    Size  Location     Type
  data            1    wreg     unsigned char 
 Auto vars:     Size  Location     Type
  data            1    5[COMMON] unsigned char 
 Return value:  Size  Location     Type
                  1    wreg      void 
 Registers used:
		wreg, status,2, status,0, pclath, cstack
 Tracked objects:
		On entry : 
		On exit  : 
		Unchanged: 
 Data sizes:     COMMON   BANK0   BANK1   BANK3   BANK2
      Params:         0       0       0       0       0
      Locals:         1       0       0       0       0
      Temps:          0       2       0       0       0
      Totals:         1       2       0       0       0
Total ram usage:        3 bytes
 Hardware stack levels used:    1
 Hardware stack levels required when called:    2
 This function calls:
		_lcd_port
 This function is called by:
		_display
		_lcd_write_string
 This function uses a non-reentrant model


 *************** function _lcd_move_cursor *****************
 Defined at:
		line 89 in file "lcd.c"
 Parameters:    Size  Location     Type
  row             1    wreg     unsigned char 
  col             1    2[BANK0 ] unsigned char 
 Auto vars:     Size  Location     Type
  row             1    3[BANK0 ] unsigned char 
 Return value:  Size  Location     Type
                  1    wreg      void 
 Registers used:
		wreg, status,2, status,0, pclath, cstack
 Tracked objects:
		On entry : 
		On exit  : 
		Unchanged: 
 Data sizes:     COMMON   BANK0   BANK1   BANK3   BANK2
      Params:         0       1       0       0       0
      Locals:         0       1       0       0       0
      Temps:          0       0       0       0       0
      Totals:         0       2       0       0       0
Total ram usage:        2 bytes
 Hardware stack levels used:    1
 Hardware stack levels required when called:    3
 This function calls:
		_lcd_cmd
 This function is called by:
		_display
 This function uses a non-reentrant model


 *************** function _lcd_cmd *****************
 Defined at:
		line 72 in file "lcd.c"
 Parameters:    Size  Location     Type
  cmd             1    wreg     unsigned char 
 Auto vars:     Size  Location     Type
  cmd             1    5[COMMON] unsigned char 
 Return value:  Size  Location     Type
                  1    wreg      void 
 Registers used:
		wreg, status,2, status,0, pclath, cstack
 Tracked objects:
		On entry : 
		On exit  : 
		Unchanged: 
 Data sizes:     COMMON   BANK0   BANK1   BANK3   BANK2
      Params:         0       0       0       0       0
      Locals:         1       0       0       0       0
      Temps:          0       2       0       0       0
      Totals:         1       2       0       0       0
Total ram usage:        3 bytes
 Hardware stack levels used:    1
 Hardware stack levels required when called:    2
 This function calls:
		_lcd_port
 This function is called by:
		_setup
		_lcd_init
		_lcd_move_cursor
		_lcd_clear
		_lcd_shift_right
		_lcd_shift_left
 This function uses a non-reentrant model


 *************** function _lcd_port *****************
 Defined at:
		line 24 in file "lcd.c"
 Parameters:    Size  Location     Type
  a               1    wreg     unsigned char 
 Auto vars:     Size  Location     Type
  a               1    4[COMMON] unsigned char 
 Return value:  Size  Location     Type
                  1    wreg      void 
 Registers used:
		wreg
 Tracked objects:
		On entry : 
		On exit  : 
		Unchanged: 
 Data sizes:     COMMON   BANK0   BANK1   BANK3   BANK2
      Params:         0       0       0       0       0
      Locals:         1       0       0       0       0
      Temps:          0       0       0       0       0
      Totals:         1       0       0       0       0
Total ram usage:        1 bytes
 Hardware stack levels used:    1
 Hardware stack levels required when called:    1
 This function calls:
		Nothing
 This function is called by:
		_lcd_init
		_lcd_cmd
		_lcd_write_char
 This function uses a non-reentrant model


 *************** function _isr *****************
 Defined at:
		line 120 in file "proyecto.c"
 Parameters:    Size  Location     Type
		None
 Auto vars:     Size  Location     Type
		None
 Return value:  Size  Location     Type
                  1    wreg      void 
 Registers used:
		wreg, fsr0l, fsr0h, status,2, status,0
 Tracked objects:
		On entry : 
		On exit  : 
		Unchanged: 
 Data sizes:     COMMON   BANK0   BANK1   BANK3   BANK2
      Params:         0       0       0       0       0
      Locals:         0       0       0       0       0
      Temps:          4       0       0       0       0
      Totals:         4       0       0       0       0
Total ram usage:        4 bytes
 Hardware stack levels used:    1
 This function calls:
		Nothing
 This function is called by:
		Interrupt level 1
 This function uses a non-reentrant model



MODULE INFORMATION

Module		Function		Class		Link	Load	Size
proyecto.c
		_display       		CODE           	0232	0000	160
		_main          		CODE           	0187	0000	171
		_isr           		CODE           	03C0	0000	69
		_setup         		CODE           	0329	0000	81

proyecto.c estimated size: 481

C:\Program Files\Microchip\xc8\v2.31\pic\sources\c90\common\doprnt.c
		_sprintf       		CODE           	0022	0000	357

C:\Program Files\Microchip\xc8\v2.31\pic\sources\c90\common\doprnt.c estimated size: 357

eusart.c
		_eusart_enable_rx_isr		CODE           	0578	0000	6
		_eusart_enable_tx_isr		CODE           	0572	0000	6
		_eusart_init_rx		CODE           	053A	0000	17
		_eusart_init_tx		CODE           	054B	0000	15

eusart.c estimated size: 44

C:\Program Files\Microchip\xc8\v2.31\pic\sources\c90\common\lwmod.c
		___lwmod       		CODE           	0405	0000	60

C:\Program Files\Microchip\xc8\v2.31\pic\sources\c90\common\lwmod.c estimated size: 60

C:\Program Files\Microchip\xc8\v2.31\pic\sources\c90\common\isdigit.c
		_isdigit       		CODE           	0528	0000	18

C:\Program Files\Microchip\xc8\v2.31\pic\sources\c90\common\isdigit.c estimated size: 18

C:\Program Files\Microchip\xc8\v2.31\pic\sources\c90\common\lwdiv.c
		___lwdiv       		CODE           	037A	0000	70

C:\Program Files\Microchip\xc8\v2.31\pic\sources\c90\common\lwdiv.c estimated size: 70

shared
		__stringtab    		STRING         	0441	0000	6
		_dpowers       		STRING         	0447	0000	10
		__initialization		CODE           	0011	0000	13

shared estimated size: 29

C:\Program Files\Microchip\xc8\v2.31\pic\sources\c90\common\Umul8.c
		___bmul        		CODE           	0511	0000	23

C:\Program Files\Microchip\xc8\v2.31\pic\sources\c90\common\Umul8.c estimated size: 23

lcd.c
		_lcd_write_char		CODE           	04D9	0000	28
		_lcd_cmd       		CODE           	04F5	0000	28
		_lcd_move_cursor		CODE           	04BC	0000	29
		_lcd_port      		CODE           	057E	0000	6
		_lcd_write_string		CODE           	0475	0000	41
		_lcd_init      		CODE           	02D2	0000	87

lcd.c estimated size: 219

SPI.c
		_spiInit       		CODE           	049E	0000	30
		_spiReceiveWait		CODE           	056B	0000	7
		_spiRead       		CODE           	055A	0000	9

SPI.c estimated size: 46

