******************************************************************************
                  TI ARM Linker PC v20.2.5                     
******************************************************************************
>> Linked Fri May 28 08:51:37 2021

OUTPUT FILE NAME:   <laboratorio_t1.out>
ENTRY POINT SYMBOL: "_c_int00_noargs"  address: 00000b5d


MEMORY CONFIGURATION

         name            origin    length      used     unused   attr    fill
----------------------  --------  ---------  --------  --------  ----  --------
  FLASH                 00000000   00040000  00000dc6  0003f23a  R  X
  SRAM                  20000000   00008000  0000020f  00007df1  RW X


SEGMENT ALLOCATION MAP

run origin  load origin   length   init length attrs members
----------  ----------- ---------- ----------- ----- -------
00000000    00000000    00000dcc   00000dcc    r-x
  00000000    00000000    0000026c   0000026c    r-- .intvecs
  0000026c    0000026c    00000a6a   00000a6a    r-x .text
  00000cd8    00000cd8    000000dc   000000dc    r-- .const
  00000db8    00000db8    00000014   00000014    r-- .cinit
20000000    20000000    0000020f   00000000    rw-
  20000000    20000000    00000200   00000000    rw- .stack
  20000200    20000200    0000000f   00000000    rw- .bss


SECTION ALLOCATION MAP

 output                                  attributes/
section   page    origin      length       input sections
--------  ----  ----------  ----------   ----------------
.intvecs   0    00000000    0000026c     
                  00000000    0000026c     tm4c123gh6pm_startup_ccs.obj (.intvecs)

.text      0    0000026c    00000a6a     
                  0000026c    000003f8     main.obj (.text)
                  00000664    00000132     driverlib.lib : gpio.obj (.text:GPIOPadConfigSet)
                  00000796    00000002     --HOLE-- [fill = 0]
                  00000798    00000110                   : sysctl.obj (.text:SysCtlClockGet)
                  000008a8    000000f4                   : sysctl.obj (.text:SysCtlClockSet)
                  0000099c    00000068                   : interrupt.obj (.text:IntEnable)
                  00000a04    00000060                   : timer.obj (.text:TimerConfigure)
                  00000a64    00000046                   : uart.obj (.text:UARTConfigSetExpClk)
                  00000aaa    00000002     --HOLE-- [fill = 0]
                  00000aac    00000044     rtsv7M4_T_le_v4SPD16_eabi.lib : autoinit.c.obj (.text:__TI_auto_init_nobinit_nopinit:__TI_auto_init_nobinit_nopinit)
                  00000af0    00000038     driverlib.lib : sysctl.obj (.text:SysCtlPeripheralReady)
                  00000b28    00000034                   : sysctl.obj (.text:SysCtlPeripheralEnable)
                  00000b5c    00000034     rtsv7M4_T_le_v4SPD16_eabi.lib : boot_cortex_m.c.obj (.text:_c_int00_noargs:_c_int00_noargs)
                  00000b90    0000002a     driverlib.lib : gpio.obj (.text:GPIODirModeSet)
                  00000bba    00000002     --HOLE-- [fill = 0]
                  00000bbc    00000020                   : uart.obj (.text:UARTDisable)
                  00000bdc    0000001c     rtsv7M4_T_le_v4SPD16_eabi.lib : copy_zero_init.c.obj (.text:decompress:ZI:__TI_zero_init_nomemset:__TI_zero_init_nomemset)
                  00000bf8    00000018     driverlib.lib : gpio.obj (.text:GPIOPinTypeGPIOOutput)
                  00000c10    00000014                   : uart.obj (.text:UARTEnable)
                  00000c24    00000012                   : gpio.obj (.text:GPIOPinTypeGPIOInput)
                  00000c36    00000012                   : gpio.obj (.text:GPIOPinTypeUART)
                  00000c48    00000012                   : timer.obj (.text:TimerLoadSet)
                  00000c5a    00000010                   : interrupt.obj (.text:IntMasterEnable)
                  00000c6a    0000000e                   : timer.obj (.text:TimerEnable)
                  00000c78    0000000c                   : cpu.obj (.text:CPUcpsie)
                  00000c84    0000000c     tm4c123gh6pm_startup_ccs.obj (.text)
                  00000c90    0000000a     driverlib.lib : uart.obj (.text:UARTCharGet)
                  00000c9a    0000000a                   : uart.obj (.text:UARTCharPut)
                  00000ca4    00000008                   : timer.obj (.text:TimerIntEnable)
                  00000cac    00000008                   : uart.obj (.text:UARTIntEnable)
                  00000cb4    00000006                   : gpio.obj (.text:GPIOPinRead)
                  00000cba    00000006                   : gpio.obj (.text:GPIOPinWrite)
                  00000cc0    00000006                   : sysctl.obj (.text:SysCtlDelay)
                  00000cc6    00000004                   : timer.obj (.text:TimerIntClear)
                  00000cca    00000004                   : uart.obj (.text:UARTIntClear)
                  00000cce    00000004     rtsv7M4_T_le_v4SPD16_eabi.lib : pre_init.c.obj (.text:_system_pre_init)
                  00000cd2    00000004                                   : exit.c.obj (.text:abort:abort)

.const     0    00000cd8    000000dc     
                  00000cd8    00000070     driverlib.lib : interrupt.obj (.const)
                  00000d48    0000006c                   : sysctl.obj (.const:g_pui32Xtals)

.cinit     0    00000db8    00000014     
                  00000db8    00000008     (.cinit..bss.load) [load image, compression = zero_init]
                  00000dc0    00000004     (__TI_handler_table)
                  00000dc4    00000008     (__TI_cinit_table)

.init_array 
*          0    00000000    00000000     UNINITIALIZED

.bss       0    20000200    0000000f     UNINITIALIZED
                  20000200    00000001     (.common:BLUE)
                  20000201    00000001     (.common:GREEN)
                  20000202    00000001     (.common:RED)
                  20000203    00000001     (.common:bandera)
                  20000204    00000001     (.common:cont_p1)
                  20000205    00000001     (.common:cont_p2)
                  20000206    00000001     (.common:cont_p3)
                  20000207    00000001     (.common:cont_p4)
                  20000208    00000001     (.common:cont_total)
                  20000209    00000001     (.common:cuatro)
                  2000020a    00000001     (.common:letra)
                  2000020b    00000001     (.common:parqueo_1)
                  2000020c    00000001     (.common:parqueo_2)
                  2000020d    00000001     (.common:parqueo_3)
                  2000020e    00000001     (.common:parqueo_4)

.stack     0    20000000    00000200     UNINITIALIZED
                  20000000    00000004     rtsv7M4_T_le_v4SPD16_eabi.lib : boot_cortex_m.c.obj (.stack)
                  20000004    000001fc     --HOLE--

__llvm_prf_cnts 
*          0    20000000    00000000     UNINITIALIZED

MODULE SUMMARY

       Module                         code   ro data   rw data
       ------                         ----   -------   -------
    .\
       main.obj                       1016   0         15     
       tm4c123gh6pm_startup_ccs.obj   12     620       0      
    +--+------------------------------+------+---------+---------+
       Total:                         1028   620       15     
                                                              
    C:/ti/TivaWare_C_Series-2.1.4.178/driverlib/ccs/Debug/driverlib.lib
       sysctl.obj                     630    108       0      
       gpio.obj                       420    0         0      
       interrupt.obj                  120    112       0      
       uart.obj                       154    0         0      
       timer.obj                      140    0         0      
       cpu.obj                        12     0         0      
    +--+------------------------------+------+---------+---------+
       Total:                         1476   220       0      
                                                              
    C:\ti\ccs1031\ccs\tools\compiler\ti-cgt-arm_20.2.5.LTS\lib\rtsv7M4_T_le_v4SPD16_eabi.lib
       autoinit.c.obj                 68     0         0      
       boot_cortex_m.c.obj            52     0         0      
       copy_zero_init.c.obj           28     0         0      
       exit.c.obj                     4      0         0      
       pre_init.c.obj                 4      0         0      
    +--+------------------------------+------+---------+---------+
       Total:                         156    0         0      
                                                              
       Stack:                         0      0         512    
       Linker Generated:              0      20        0      
    +--+------------------------------+------+---------+---------+
       Grand Total:                   2660   860       527    


LINKER GENERATED COPY TABLES

__TI_cinit_table @ 00000dc4 records: 1, size/record: 8, table size: 8
	.bss: load addr=00000db8, load size=00000008 bytes, run addr=20000200, run size=0000000f bytes, compression=zero_init


LINKER GENERATED HANDLER TABLE

__TI_handler_table @ 00000dc0 records: 1, size/record: 4, table size: 4
	index: 0, handler: __TI_zero_init


GLOBAL SYMBOLS: SORTED ALPHABETICALLY BY Name 

address   name                          
-------   ----                          
20000200  BLUE                          
00000cd3  C$$EXIT                       
00000c79  CPUcpsie                      
00000b91  GPIODirModeSet                
00000665  GPIOPadConfigSet              
00000cb5  GPIOPinRead                   
00000c25  GPIOPinTypeGPIOInput          
00000bf9  GPIOPinTypeGPIOOutput         
00000c37  GPIOPinTypeUART               
00000cbb  GPIOPinWrite                  
20000201  GREEN                         
0000046f  InitUART                      
0000099d  IntEnable                     
00000c5b  IntMasterEnable               
20000202  RED                           
00000c85  ResetISR                      
00000799  SysCtlClockGet                
000008a9  SysCtlClockSet                
00000cc1  SysCtlDelay                   
00000b29  SysCtlPeripheralEnable        
00000af1  SysCtlPeripheralReady         
00000425  Timer0Config                  
00000505  Timer0IntHandler              
00000a05  TimerConfigure                
00000c6b  TimerEnable                   
00000cc7  TimerIntClear                 
00000ca5  TimerIntEnable                
00000c49  TimerLoadSet                  
00000c91  UARTCharGet                   
00000c9b  UARTCharPut                   
00000a65  UARTConfigSetExpClk           
00000bbd  UARTDisable                   
00000c11  UARTEnable                    
00000ccb  UARTIntClear                  
00000cad  UARTIntEnable                 
000004d7  UARTIntHandler                
20000200  __STACK_END                   
00000200  __STACK_SIZE                  
20000200  __STACK_TOP                   
00000dc4  __TI_CINIT_Base               
00000dcc  __TI_CINIT_Limit              
00000dc0  __TI_Handler_Table_Base       
00000dc4  __TI_Handler_Table_Limit      
00000aad  __TI_auto_init_nobinit_nopinit
ffffffff  __TI_pprof_out_hndl           
ffffffff  __TI_prof_data_size           
ffffffff  __TI_prof_data_start          
00000000  __TI_static_base__            
00000bdd  __TI_zero_init_nomemset       
ffffffff  __binit__                     
ffffffff  __c_args__                    
UNDEFED   __mpu_init                    
20000000  __stack                       
20000000  __start___llvm_prf_cnts       
20000000  __stop___llvm_prf_cnts        
00000b5d  _c_int00_noargs               
UNDEFED   _system_post_cinit            
00000ccf  _system_pre_init              
00000cd3  abort                         
20000203  bandera                       
ffffffff  binit                         
20000204  cont_p1                       
20000205  cont_p2                       
20000206  cont_p3                       
20000207  cont_p4                       
20000208  cont_total                    
20000209  cuatro                        
00000000  g_pfnVectors                  
2000020a  letra                         
0000026d  main                          
2000020b  parqueo_1                     
2000020c  parqueo_2                     
2000020d  parqueo_3                     
2000020e  parqueo_4                     


GLOBAL SYMBOLS: SORTED BY Symbol Address 

address   name                          
-------   ----                          
00000000  __TI_static_base__            
00000000  g_pfnVectors                  
00000200  __STACK_SIZE                  
0000026d  main                          
00000425  Timer0Config                  
0000046f  InitUART                      
000004d7  UARTIntHandler                
00000505  Timer0IntHandler              
00000665  GPIOPadConfigSet              
00000799  SysCtlClockGet                
000008a9  SysCtlClockSet                
0000099d  IntEnable                     
00000a05  TimerConfigure                
00000a65  UARTConfigSetExpClk           
00000aad  __TI_auto_init_nobinit_nopinit
00000af1  SysCtlPeripheralReady         
00000b29  SysCtlPeripheralEnable        
00000b5d  _c_int00_noargs               
00000b91  GPIODirModeSet                
00000bbd  UARTDisable                   
00000bdd  __TI_zero_init_nomemset       
00000bf9  GPIOPinTypeGPIOOutput         
00000c11  UARTEnable                    
00000c25  GPIOPinTypeGPIOInput          
00000c37  GPIOPinTypeUART               
00000c49  TimerLoadSet                  
00000c5b  IntMasterEnable               
00000c6b  TimerEnable                   
00000c79  CPUcpsie                      
00000c85  ResetISR                      
00000c91  UARTCharGet                   
00000c9b  UARTCharPut                   
00000ca5  TimerIntEnable                
00000cad  UARTIntEnable                 
00000cb5  GPIOPinRead                   
00000cbb  GPIOPinWrite                  
00000cc1  SysCtlDelay                   
00000cc7  TimerIntClear                 
00000ccb  UARTIntClear                  
00000ccf  _system_pre_init              
00000cd3  C$$EXIT                       
00000cd3  abort                         
00000dc0  __TI_Handler_Table_Base       
00000dc4  __TI_CINIT_Base               
00000dc4  __TI_Handler_Table_Limit      
00000dcc  __TI_CINIT_Limit              
20000000  __stack                       
20000000  __start___llvm_prf_cnts       
20000000  __stop___llvm_prf_cnts        
20000200  BLUE                          
20000200  __STACK_END                   
20000200  __STACK_TOP                   
20000201  GREEN                         
20000202  RED                           
20000203  bandera                       
20000204  cont_p1                       
20000205  cont_p2                       
20000206  cont_p3                       
20000207  cont_p4                       
20000208  cont_total                    
20000209  cuatro                        
2000020a  letra                         
2000020b  parqueo_1                     
2000020c  parqueo_2                     
2000020d  parqueo_3                     
2000020e  parqueo_4                     
ffffffff  __TI_pprof_out_hndl           
ffffffff  __TI_prof_data_size           
ffffffff  __TI_prof_data_start          
ffffffff  __binit__                     
ffffffff  __c_args__                    
ffffffff  binit                         
UNDEFED   __mpu_init                    
UNDEFED   _system_post_cinit            

[74 symbols]
